Component: ARM Compiler 5.06 update 6 (build 750) Tool: armlink [4d35ed]

==============================================================================

Section Cross References

    startup_stm32h7a3xxq.o(STACK) refers (Special) to heapauxi.o(.text) for __use_two_region_memory
    startup_stm32h7a3xxq.o(HEAP) refers (Special) to heapauxi.o(.text) for __use_two_region_memory
    startup_stm32h7a3xxq.o(RESET) refers (Special) to heapauxi.o(.text) for __use_two_region_memory
    startup_stm32h7a3xxq.o(RESET) refers to startup_stm32h7a3xxq.o(STACK) for __initial_sp
    startup_stm32h7a3xxq.o(RESET) refers to startup_stm32h7a3xxq.o(.text) for Reset_Handler
    startup_stm32h7a3xxq.o(RESET) refers to stm32h7xx_it.o(i.NMI_Handler) for NMI_Handler
    startup_stm32h7a3xxq.o(RESET) refers to stm32h7xx_it.o(i.HardFault_Handler) for HardFault_Handler
    startup_stm32h7a3xxq.o(RESET) refers to stm32h7xx_it.o(i.MemManage_Handler) for MemManage_Handler
    startup_stm32h7a3xxq.o(RESET) refers to stm32h7xx_it.o(i.BusFault_Handler) for BusFault_Handler
    startup_stm32h7a3xxq.o(RESET) refers to stm32h7xx_it.o(i.UsageFault_Handler) for UsageFault_Handler
    startup_stm32h7a3xxq.o(RESET) refers to stm32h7xx_it.o(i.SVC_Handler) for SVC_Handler
    startup_stm32h7a3xxq.o(RESET) refers to stm32h7xx_it.o(i.DebugMon_Handler) for DebugMon_Handler
    startup_stm32h7a3xxq.o(RESET) refers to stm32h7xx_it.o(i.PendSV_Handler) for PendSV_Handler
    startup_stm32h7a3xxq.o(RESET) refers to stm32h7xx_it.o(i.SysTick_Handler) for SysTick_Handler
    startup_stm32h7a3xxq.o(.text) refers (Special) to heapauxi.o(.text) for __use_two_region_memory
    startup_stm32h7a3xxq.o(.text) refers to system_stm32h7xx.o(i.SystemInit) for SystemInit
    startup_stm32h7a3xxq.o(.text) refers to __main.o(!!!main) for __main
    startup_stm32h7a3xxq.o(.text) refers to startup_stm32h7a3xxq.o(HEAP) for Heap_Mem
    startup_stm32h7a3xxq.o(.text) refers to startup_stm32h7a3xxq.o(STACK) for Stack_Mem
    main.o(i.SystemClock_Config) refers to rt_memclr_w.o(.text) for __aeabi_memclr4
    main.o(i.SystemClock_Config) refers to stm32h7xx_hal_pwr_ex.o(i.HAL_PWREx_ConfigSupply) for HAL_PWREx_ConfigSupply
    main.o(i.SystemClock_Config) refers to stm32h7xx_hal_rcc.o(i.HAL_RCC_OscConfig) for HAL_RCC_OscConfig
    main.o(i.SystemClock_Config) refers to stm32h7xx_hal_rcc.o(i.HAL_RCC_ClockConfig) for HAL_RCC_ClockConfig
    main.o(i.main) refers to stm32h7xx_hal.o(i.HAL_Init) for HAL_Init
    main.o(i.main) refers to stm32h7xx_hal_cortex.o(i.HAL_MPU_Disable) for HAL_MPU_Disable
    main.o(i.main) refers to stm32h7xx_hal_cortex.o(i.HAL_MPU_ConfigRegion) for HAL_MPU_ConfigRegion
    main.o(i.main) refers to stm32h7xx_hal_cortex.o(i.HAL_MPU_Enable) for HAL_MPU_Enable
    main.o(i.main) refers to main.o(i.SystemClock_Config) for SystemClock_Config
    main.o(i.main) refers to gpio.o(i.MX_GPIO_Init) for MX_GPIO_Init
    main.o(i.main) refers to usb_otg.o(i.MX_USB_OTG_HS_HCD_Init) for MX_USB_OTG_HS_HCD_Init
    main.o(i.main) refers to eventrecorder.o(i.EventRecorderInitialize) for EventRecorderInitialize
    main.o(i.main) refers to eventrecorder.o(i.EventRecorderStart) for EventRecorderStart
    main.o(i.main) refers to noretval__2printf.o(.text) for __2printf
    main.o(i.main) refers to stm32h7xx_hal.o(i.HAL_Delay) for HAL_Delay
    usb_otg.o(i.HAL_HCD_MspDeInit) refers to stm32h7xx_hal_gpio.o(i.HAL_GPIO_DeInit) for HAL_GPIO_DeInit
    usb_otg.o(i.HAL_HCD_MspInit) refers to rt_memclr_w.o(.text) for __aeabi_memclr4
    usb_otg.o(i.HAL_HCD_MspInit) refers to stm32h7xx_hal_rcc_ex.o(i.HAL_RCCEx_PeriphCLKConfig) for HAL_RCCEx_PeriphCLKConfig
    usb_otg.o(i.HAL_HCD_MspInit) refers to main.o(i.Error_Handler) for Error_Handler
    usb_otg.o(i.HAL_HCD_MspInit) refers to stm32h7xx_hal_pwr_ex.o(i.HAL_PWREx_EnableUSBVoltageDetector) for HAL_PWREx_EnableUSBVoltageDetector
    usb_otg.o(i.HAL_HCD_MspInit) refers to stm32h7xx_hal_gpio.o(i.HAL_GPIO_Init) for HAL_GPIO_Init
    usb_otg.o(i.MX_USB_OTG_HS_HCD_Init) refers to stm32h7xx_hal_hcd.o(i.HAL_HCD_Init) for HAL_HCD_Init
    usb_otg.o(i.MX_USB_OTG_HS_HCD_Init) refers to main.o(i.Error_Handler) for Error_Handler
    usb_otg.o(i.MX_USB_OTG_HS_HCD_Init) refers to usb_otg.o(.bss) for .bss
    stm32h7xx_it.o(i.SysTick_Handler) refers to stm32h7xx_hal.o(i.HAL_IncTick) for HAL_IncTick
    stm32h7xx_hal_cortex.o(i.HAL_NVIC_SetPriority) refers to stm32h7xx_hal_cortex.o(i.__NVIC_SetPriority) for __NVIC_SetPriority
    stm32h7xx_hal_cortex.o(i.HAL_SYSTICK_Config) refers to stm32h7xx_hal_cortex.o(i.__NVIC_SetPriority) for __NVIC_SetPriority
    stm32h7xx_hal_cortex.o(i.HAL_SYSTICK_IRQHandler) refers to stm32h7xx_hal_cortex.o(i.HAL_SYSTICK_Callback) for HAL_SYSTICK_Callback
    stm32h7xx_hal_hcd.o(i.HAL_HCD_DeInit) refers to usb_otg.o(i.HAL_HCD_MspDeInit) for HAL_HCD_MspDeInit
    stm32h7xx_hal_hcd.o(i.HAL_HCD_DeInit) refers to stm32h7xx_ll_usb.o(i.USB_DisableGlobalInt) for USB_DisableGlobalInt
[...]
    ../clib/stdio.c                          0x00000000   Number         0  streamlock.o ABSOLUTE
    ../clib/stdio.c                          0x00000000   Number         0  fwritefast.o ABSOLUTE
    ../clib/stdio.c                          0x00000000   Number         0  setvbuf.o ABSOLUTE
    ../clib/stdio.c                          0x00000000   Number         0  stdio.o ABSOLUTE
    ../clib/stdio.c                          0x00000000   Number         0  flsbuf.o ABSOLUTE
    ../clib/stdio.c                          0x00000000   Number         0  fflush_locked.o ABSOLUTE
    ../clib/stdio.c                          0x00000000   Number         0  fseek.o ABSOLUTE
    ../clib/stdio.c                          0x00000000   Number         0  ferror.o ABSOLUTE
    ../clib/stdio.c                          0x00000000   Number         0  fputc.o ABSOLUTE
    ../clib/stdio.c                          0x00000000   Number         0  fwritefast_locked.o ABSOLUTE
    ../clib/stdio.c                          0x00000000   Number         0  fputs_locked.o ABSOLUTE
    ../clib/stdio.c                          0x00000000   Number         0  fclose.o ABSOLUTE
    ../clib/stdlib.c                         0x00000000   Number         0  exit.o ABSOLUTE
    ../clib/wchar.c                          0x00000000   Number         0  flsbuf_fwide.o ABSOLUTE
    ../fplib/fpinit.s                        0x00000000   Number         0  fpinit.o ABSOLUTE
    ..\Core\Src\gpio.c                       0x00000000   Number         0  gpio.o ABSOLUTE
    ..\Core\Src\main.c                       0x00000000   Number         0  main.o ABSOLUTE
    ..\Core\Src\stm32h7xx_hal_msp.c          0x00000000   Number         0  stm32h7xx_hal_msp.o ABSOLUTE
    ..\Core\Src\stm32h7xx_it.c               0x00000000   Number         0  stm32h7xx_it.o ABSOLUTE
    ..\Core\Src\system_stm32h7xx.c           0x00000000   Number         0  system_stm32h7xx.o ABSOLUTE
    ..\Core\Src\usb_otg.c                    0x00000000   Number         0  usb_otg.o ABSOLUTE
    ..\Drivers\STM32H7xx_HAL_Driver\Src\stm32h7xx_hal.c 0x00000000   Number         0  stm32h7xx_hal.o ABSOLUTE
    ..\Drivers\STM32H7xx_HAL_Driver\Src\stm32h7xx_hal_cortex.c 0x00000000   Number         0  stm32h7xx_hal_cortex.o ABSOLUTE
    ..\Drivers\STM32H7xx_HAL_Driver\Src\stm32h7xx_hal_dma.c 0x00000000   Number         0  stm32h7xx_hal_dma.o ABSOLUTE
    ..\Drivers\STM32H7xx_HAL_Driver\Src\stm32h7xx_hal_dma_ex.c 0x00000000   Number         0  stm32h7xx_hal_dma_ex.o ABSOLUTE
    ..\Drivers\STM32H7xx_HAL_Driver\Src\stm32h7xx_hal_exti.c 0x00000000   Number         0  stm32h7xx_hal_exti.o ABSOLUTE
    ..\Drivers\STM32H7xx_HAL_Driver\Src\stm32h7xx_hal_flash.c 0x00000000   Number         0  stm32h7xx_hal_flash.o ABSOLUTE
    ..\Drivers\STM32H7xx_HAL_Driver\Src\stm32h7xx_hal_flash_ex.c 0x00000000   Number         0  stm32h7xx_hal_flash_ex.o ABSOLUTE
    ..\Drivers\STM32H7xx_HAL_Driver\Src\stm32h7xx_hal_gpio.c 0x00000000   Number         0  stm32h7xx_hal_gpio.o ABSOLUTE
    ..\Drivers\STM32H7xx_HAL_Driver\Src\stm32h7xx_hal_hcd.c 0x00000000   Number         0  stm32h7xx_hal_hcd.o ABSOLUTE
    ..\Drivers\STM32H7xx_HAL_Driver\Src\stm32h7xx_hal_hsem.c 0x00000000   Number         0  stm32h7xx_hal_hsem.o ABSOLUTE
    ..\Drivers\STM32H7xx_HAL_Driver\Src\stm32h7xx_hal_i2c.c 0x00000000   Number         0  stm32h7xx_hal_i2c.o ABSOLUTE
    ..\Drivers\STM32H7xx_HAL_Driver\Src\stm32h7xx_hal_i2c_ex.c 0x00000000   Number         0  stm32h7xx_hal_i2c_ex.o ABSOLUTE
    ..\Drivers\STM32H7xx_HAL_Driver\Src\stm32h7xx_hal_mdma.c 0x00000000   Number         0  stm32h7xx_hal_mdma.o ABSOLUTE
    ..\Drivers\STM32H7xx_HAL_Driver\Src\stm32h7xx_hal_pwr.c 0x00000000   Number         0  stm32h7xx_hal_pwr.o ABSOLUTE
    ..\Drivers\STM32H7xx_HAL_Driver\Src\stm32h7xx_hal_pwr_ex.c 0x00000000   Number         0  stm32h7xx_hal_pwr_ex.o ABSOLUTE
    ..\Drivers\STM32H7xx_HAL_Driver\Src\stm32h7xx_hal_rcc.c 0x00000000   Number         0  stm32h7xx_hal_rcc.o ABSOLUTE
    ..\Drivers\STM32H7xx_HAL_Driver\Src\stm32h7xx_hal_rcc_ex.c 0x00000000   Number         0  stm32h7xx_hal_rcc_ex.o ABSOLUTE
    ..\Drivers\STM32H7xx_HAL_Driver\Src\stm32h7xx_hal_tim.c 0x00000000   Number         0  stm32h7xx_hal_tim.o ABSOLUTE
    ..\Drivers\STM32H7xx_HAL_Driver\Src\stm32h7xx_hal_tim_ex.c 0x00000000   Number         0  stm32h7xx_hal_tim_ex.o ABSOLUTE
    ..\Drivers\STM32H7xx_HAL_Driver\Src\stm32h7xx_ll_usb.c 0x00000000   Number         0  stm32h7xx_ll_usb.o ABSOLUTE
    C:\Users\Admin\AppData\Local\Arm\Packs\Keil\ARM_Compiler\1.6.2\Source\EventRecorder.c 0x00000000   Number         0  eventrecorder.o ABSOLUTE
    C:\Users\Admin\AppData\Local\Arm\Packs\Keil\ARM_Compiler\1.6.2\Source\retarget_io.c 0x00000000   Number         0  retarget_io.o ABSOLUTE
    C:\\Users\\Admin\\AppData\\Local\\Arm\\Packs\\Keil\\ARM_Compiler\\1.6.2\\Source\\EventRecorder.c 0x00000000   Number         0  eventrecorder.o ABSOLUTE
    dc.s                                     0x00000000   Number         0  dc.o ABSOLUTE
    startup_stm32h7a3xxq.s                   0x00000000   Number         0  startup_stm32h7a3xxq.o ABSOLUTE
    RESET                                    0x08000000   Section      684  startup_stm32h7a3xxq.o(RESET)
    !!!main                                  0x080002ac   Section        8  __main.o(!!!main)
    !!!scatter                               0x080002b4   Section       52  __scatter.o(!!!scatter)
    !!handler_copy                           0x080002e8   Section       26  __scatter_copy.o(!!handler_copy)
    !!handler_zi                             0x08000304   Section       28  __scatter_zi.o(!!handler_zi)
    .ARM.Collect$$libinit$$00000000          0x08000320   Section        2  libinit.o(.ARM.Collect$$libinit$$00000000)
    .ARM.Collect$$libinit$$00000001          0x08000322   Section        4  libinit2.o(.ARM.Collect$$libinit$$00000001)
    .ARM.Collect$$libinit$$00000004          0x08000326   Section        0  libinit2.o(.ARM.Collect$$libinit$$00000004)
    .ARM.Collect$$libinit$$00000005          0x08000326   Section        8  libinit2.o(.ARM.Collect$$libinit$$00000005)
    .ARM.Collect$$libinit$$0000000A          0x0800032e   Section        0  libinit2.o(.ARM.Collect$$libinit$$0000000A)
    .ARM.Collect$$libinit$$0000000C          0x0800032e   Section        0  libinit2.o(.ARM.Collect$$libinit$$0000000C)
    .ARM.Collect$$libinit$$0000000E          0x0800032e   Section        0  libinit2.o(.ARM.Collect$$libinit$$0000000E)
    .ARM.Collect$$libinit$$00000011          0x0800032e   Section        0  libinit2.o(.ARM.Collect$$libinit$$00000011)
    .ARM.Collect$$libinit$$00000013          0x0800032e   Section        0  libinit2.o(.ARM.Collect$$libinit$$00000013)
    .ARM.Collect$$libinit$$00000015          0x0800032e   Section        0  libinit2.o(.ARM.Collect$$libinit$$00000015)
    .ARM.Collect$$libinit$$00000017          0x0800032e   Section        0  libinit2.o(.ARM.Collect$$libinit$$00000017)
    .ARM.Collect$$libinit$$00000019          0x0800032e   Section        0  libinit2.o(.ARM.Collect$$libinit$$00000019)
    .ARM.Collect$$libinit$$0000001B          0x0800032e   Section        0  libinit2.o(.ARM.Collect$$libinit$$0000001B)
    .ARM.Collect$$libinit$$0000001D          0x0800032e   Section        0  libinit2.o(.ARM.Collect$$libinit$$0000001D)
    .ARM.Collect$$libinit$$0000001F          0x0800032e   Section        0  libinit2.o(.ARM.Collect$$libinit$$0000001F)
    .ARM.Collect$$libinit$$00000021          0x0800032e   Section        0  libinit2.o(.ARM.Collect$$libinit$$00000021)
    .ARM.Collect$$libinit$$00000023          0x0800032e   Section        0  libinit2.o(.ARM.Collect$$libinit$$00000023)
    .ARM.Collect$$libinit$$00000024          0x0800032e   Section        4  libinit2.o(.ARM.Collect$$libinit$$00000024)
    .ARM.Collect$$libinit$$00000025          0x08000332   Section        0  libinit2.o(.ARM.Collect$$libinit$$00000025)
    .ARM.Collect$$libinit$$0000002C          0x08000332   Section        0  libinit2.o(.ARM.Collect$$libinit$$0000002C)
    .ARM.Collect$$libinit$$0000002E          0x08000332   Section        0  libinit2.o(.ARM.Collect$$libinit$$0000002E)
    .ARM.Collect$$libinit$$00000030          0x08000332   Section        0  libinit2.o(.ARM.Collect$$libinit$$00000030)
    .ARM.Collect$$libinit$$00000032          0x08000332   Section        0  libinit2.o(.ARM.Collect$$libinit$$00000032)
    .ARM.Collect$$libinit$$00000033          0x08000332   Section        2  libinit2.o(.ARM.Collect$$libinit$$00000033)
    .ARM.Collect$$libshutdown$$00000000      0x08000334   Section        2  libshutdown.o(.ARM.Collect$$libshutdown$$00000000)
    .ARM.Collect$$libshutdown$$00000002      0x08000336   Section        0  libshutdown2.o(.ARM.Collect$$libshutdown$$00000002)
    .ARM.Collect$$libshutdown$$00000003      0x08000336   Section        4  libshutdown2.o(.ARM.Collect$$libshutdown$$00000003)
    .ARM.Collect$$libshutdown$$00000004      0x0800033a   Section        0  libshutdown2.o(.ARM.Collect$$libshutdown$$00000004)
    .ARM.Collect$$libshutdown$$00000007      0x0800033a   Section        0  libshutdown2.o(.ARM.Collect$$libshutdown$$00000007)
    .ARM.Collect$$libshutdown$$0000000A      0x0800033a   Section        0  libshutdown2.o(.ARM.Collect$$libshutdown$$0000000A)
    .ARM.Collect$$libshutdown$$0000000C      0x0800033a   Section        0  libshutdown2.o(.ARM.Collect$$libshutdown$$0000000C)
    .ARM.Collect$$libshutdown$$0000000F      0x0800033a   Section        0  libshutdown2.o(.ARM.Collect$$libshutdown$$0000000F)
    .ARM.Collect$$libshutdown$$00000010      0x0800033a   Section        2  libshutdown2.o(.ARM.Collect$$libshutdown$$00000010)
    .ARM.Collect$$rtentry$$00000000          0x0800033c   Section        0  __rtentry.o(.ARM.Collect$$rtentry$$00000000)
    .ARM.Collect$$rtentry$$00000002          0x0800033c   Section        0  __rtentry2.o(.ARM.Collect$$rtentry$$00000002)
    .ARM.Collect$$rtentry$$00000004          0x0800033c   Section        6  __rtentry4.o(.ARM.Collect$$rtentry$$00000004)
    .ARM.Collect$$rtentry$$00000009          0x08000342   Section        0  __rtentry2.o(.ARM.Collect$$rtentry$$00000009)
    .ARM.Collect$$rtentry$$0000000A          0x08000342   Section        4  __rtentry2.o(.ARM.Collect$$rtentry$$0000000A)
    .ARM.Collect$$rtentry$$0000000C          0x08000346   Section        0  __rtentry2.o(.ARM.Collect$$rtentry$$0000000C)
    .ARM.Collect$$rtentry$$0000000D          0x08000346   Section        8  __rtentry2.o(.ARM.Collect$$rtentry$$0000000D)
    .ARM.Collect$$rtexit$$00000000           0x0800034e   Section        2  rtexit.o(.ARM.Collect$$rtexit$$00000000)
    .ARM.Collect$$rtexit$$00000002           0x08000350   Section        0  rtexit2.o(.ARM.Collect$$rtexit$$00000002)
    .ARM.Collect$$rtexit$$00000003           0x08000350   Section        4  rtexit2.o(.ARM.Collect$$rtexit$$00000003)
    .ARM.Collect$$rtexit$$00000004           0x08000354   Section        6  rtexit2.o(.ARM.Collect$$rtexit$$00000004)
    .emb_text                                0x0800035c   Section      116  eventrecorder.o(.emb_text)
    $v0                                      0x0800035c   Number         0  eventrecorder.o(.emb_text)
    .emb_text                                0x080003d0   Section        0  maybetermalloc1.o(.emb_text)
    .text                                    0x080003d0   Section       64  startup_stm32h7a3xxq.o(.text)
    $v0                                      0x080003d0   Number         0  startup_stm32h7a3xxq.o(.text)
    .text                                    0x08000410   Section        0  noretval__2printf.o(.text)
    .text                                    0x08000428   Section      138  rt_memcpy_v6.o(.text)
    .text                                    0x080004b2   Section      100  rt_memcpy_w.o(.text)
    .text                                    0x08000516   Section       78  rt_memclr_w.o(.text)
    .text                                    0x08000564   Section      104  strcmpv7m_pel.o(.text)
    .text                                    0x080005cc   Section        0  heapauxi.o(.text)
    .text                                    0x080005d4   Section        0  _printf_char_file.o(.text)
    .text                                    0x080005f8   Section        0  _printf_char_common.o(.text)
    _printf_input_char                       0x080005f9   Thumb Code    10  _printf_char_common.o(.text)
    .text                                    0x08000628   Section        0  ferror.o(.text)
    .text                                    0x08000630   Section        0  initio.o(.text)
    .text                                    0x08000768   Section       74  sys_stackheap_outer.o(.text)
    .text                                    0x080007b2   Section        0  h1_free.o(.text)
    .text                                    0x08000800   Section        0  __printf_nopercent.o(.text)
    .text                                    0x08000828   Section        0  flsbuf.o(.text)
    .text                                    0x080009fe   Section        0  setvbuf.o(.text)
    .text                                    0x08000a44   Section        0  fopen.o(.text)
    _freopen_locked                          0x08000a45   Thumb Code     0  fopen.o(.text)
    .text                                    0x08000b30   Section        0  fclose.o(.text)
    .text                                    0x08000b7c   Section        0  exit.o(.text)
    .text                                    0x08000b8e   Section        0  defsig_rtred_outer.o(.text)
    .text                                    0x08000b9c   Section        8  libspace.o(.text)
    .text                                    0x08000ba4   Section        8  rt_heap_descriptor_intlibspace.o(.text)
    .text                                    0x08000bac   Section        0  hguard.o(.text)
    .text                                    0x08000bb0   Section        0  init_alloc.o(.text)
    .text                                    0x08000c3a   Section        0  h1_alloc.o(.text)
    .text                                    0x08000c98   Section        0  fseek.o(.text)
    .text                                    0x08000d90   Section        0  stdio.o(.text)
    .text                                    0x08000e80   Section        0  defsig_exit.o(.text)
    .text                                    0x08000e8c   Section        0  defsig_rtred_inner.o(.text)
    .text                                    0x08000ec0   Section        0  sys_exit.o(.text)
    .text                                    0x08000ecc   Section        0  h1_init.o(.text)
    .text                                    0x08000eda   Section        0  h1_extend.o(.text)
    .text                                    0x08000f0e   Section        0  ftell.o(.text)
    .text                                    0x08000f50   Section        0  defsig_general.o(.text)
    .text                                    0x08000f82   Section        0  defsig_rtmem_outer.o(.text)
    .text                                    0x08000f90   Section        0  sys_wrch.o(.text)
    .text                                    0x08000f9e   Section        2  use_no_semi.o(.text)
    .text                                    0x08000fa0   Section        0  indicate_semi.o(.text)
    .text                                    0x08000fa0   Section        8  rt_errno_addr_intlibspace.o(.text)
    .text                                    0x08000fa8   Section        0  defsig_rtmem_inner.o(.text)
    i.BusFault_Handler                       0x08000ff8   Section        0  stm32h7xx_it.o(i.BusFault_Handler)
    i.DebugMon_Handler                       0x08000ffa   Section        0  stm32h7xx_it.o(i.DebugMon_Handler)
    i.Error_Handler                          0x08000ffc   Section        0  main.o(i.Error_Handler)
    i.EventCheckFilter                       0x08001000   Section        0  eventrecorder.o(i.EventCheckFilter)
    EventCheckFilter                         0x08001001   Thumb Code    32  eventrecorder.o(i.EventCheckFilter)
    i.EventGetTS                             0x08001024   Section        0  eventrecorder.o(i.EventGetTS)
    EventGetTS                               0x08001025   Thumb Code    48  eventrecorder.o(i.EventGetTS)
    i.EventRecordData                        0x08001058   Section        0  eventrecorder.o(i.EventRecordData)
    i.EventRecordItem                        0x08001154   Section        0  eventrecorder.o(i.EventRecordItem)
    EventRecordItem                          0x08001155   Thumb Code   160  eventrecorder.o(i.EventRecordItem)
    i.EventRecorderEnable                    0x080011fc   Section        0  eventrecorder.o(i.EventRecorderEnable)
    i.EventRecorderInitialize                0x08001258   Section        0  eventrecorder.o(i.EventRecorderInitialize)
    i.EventRecorderStart                     0x08001364   Section        0  eventrecorder.o(i.EventRecorderStart)
    i.EventRecorderTimerGetCount             0x08001390   Section        0  eventrecorder.o(i.EventRecorderTimerGetCount)
    i.EventRecorderTimerGetFreq              0x0800139c   Section        0  eventrecorder.o(i.EventRecorderTimerGetFreq)
    i.EventRecorderTimerSetup                0x080013a8   Section        0  eventrecorder.o(i.EventRecorderTimerSetup)
    i.HAL_Delay                              0x080013c8   Section        0  stm32h7xx_hal.o(i.HAL_Delay)
    i.HAL_GPIO_Init                          0x080013ec   Section        0  stm32h7xx_hal_gpio.o(i.HAL_GPIO_Init)
    i.HAL_GetTick                            0x08001618   Section        0  stm32h7xx_hal.o(i.HAL_GetTick)
    i.HAL_HCD_Init                           0x08001624   Section        0  stm32h7xx_hal_hcd.o(i.HAL_HCD_Init)
    i.HAL_HCD_MspInit                        0x08001698   Section        0  usb_otg.o(i.HAL_HCD_MspInit)
    i.HAL_IncTick                            0x08001784   Section        0  stm32h7xx_hal.o(i.HAL_IncTick)
    i.HAL_Init                               0x08001794   Section        0  stm32h7xx_hal.o(i.HAL_Init)
    i.HAL_InitTick                           0x080017f0   Section        0  stm32h7xx_hal.o(i.HAL_InitTick)
    i.HAL_MPU_ConfigRegion                   0x08001830   Section        0  stm32h7xx_hal_cortex.o(i.HAL_MPU_ConfigRegion)
    i.HAL_MPU_Disable                        0x0800188c   Section        0  stm32h7xx_hal_cortex.o(i.HAL_MPU_Disable)
    i.HAL_MPU_Enable                         0x080018a8   Section        0  stm32h7xx_hal_cortex.o(i.HAL_MPU_Enable)
    i.HAL_MspInit                            0x080018cc   Section        0  stm32h7xx_hal_msp.o(i.HAL_MspInit)
    i.HAL_NVIC_SetPriority                   0x080018e8   Section        0  stm32h7xx_hal_cortex.o(i.HAL_NVIC_SetPriority)
    i.HAL_NVIC_SetPriorityGrouping           0x08001928   Section        0  stm32h7xx_hal_cortex.o(i.HAL_NVIC_SetPriorityGrouping)
    i.HAL_PWREx_ConfigSupply                 0x0800194c   Section        0  stm32h7xx_hal_pwr_ex.o(i.HAL_PWREx_ConfigSupply)
    i.HAL_PWREx_EnableUSBVoltageDetector     0x080019d0   Section        0  stm32h7xx_hal_pwr_ex.o(i.HAL_PWREx_EnableUSBVoltageDetector)
    i.HAL_RCCEx_PeriphCLKConfig              0x080019e0   Section        0  stm32h7xx_hal_rcc_ex.o(i.HAL_RCCEx_PeriphCLKConfig)
    i.HAL_RCC_ClockConfig                    0x0800232c   Section        0  stm32h7xx_hal_rcc.o(i.HAL_RCC_ClockConfig)
    i.HAL_RCC_GetSysClockFreq                0x08002588   Section        0  stm32h7xx_hal_rcc.o(i.HAL_RCC_GetSysClockFreq)
    i.HAL_RCC_OscConfig                      0x080026c0   Section        0  stm32h7xx_hal_rcc.o(i.HAL_RCC_OscConfig)
    i.HAL_SYSTICK_Config                     0x08002c62   Section        0  stm32h7xx_hal_cortex.o(i.HAL_SYSTICK_Config)
    i.HardFault_Handler                      0x08002c88   Section        0  stm32h7xx_it.o(i.HardFault_Handler)
    i.MX_GPIO_Init                           0x08002c8c   Section        0  gpio.o(i.MX_GPIO_Init)
    i.MX_USB_OTG_HS_HCD_Init                 0x08002cc8   Section        0  usb_otg.o(i.MX_USB_OTG_HS_HCD_Init)
    i.MemManage_Handler                      0x08002d00   Section        0  stm32h7xx_it.o(i.MemManage_Handler)
    i.NMI_Handler                            0x08002d02   Section        0  stm32h7xx_it.o(i.NMI_Handler)
    i.PendSV_Handler                         0x08002d04   Section        0  stm32h7xx_it.o(i.PendSV_Handler)
    i.RCCEx_PLL2_Config                      0x08002d08   Section        0  stm32h7xx_hal_rcc_ex.o(i.RCCEx_PLL2_Config)
    RCCEx_PLL2_Config                        0x08002d09   Thumb Code   284  stm32h7xx_hal_rcc_ex.o(i.RCCEx_PLL2_Config)
    i.RCCEx_PLL3_Config                      0x08002e28   Section        0  stm32h7xx_hal_rcc_ex.o(i.RCCEx_PLL3_Config)
    RCCEx_PLL3_Config                        0x08002e29   Thumb Code   284  stm32h7xx_hal_rcc_ex.o(i.RCCEx_PLL3_Config)
    i.SVC_Handler                            0x08002f48   Section        0  stm32h7xx_it.o(i.SVC_Handler)
    i.SysTick_Handler                        0x08002f4a   Section        0  stm32h7xx_it.o(i.SysTick_Handler)
    i.SystemClock_Config                     0x08002f50   Section        0  main.o(i.SystemClock_Config)
    i.SystemInit                             0x08002fd8   Section        0  system_stm32h7xx.o(i.SystemInit)
    i.USB_CoreInit                           0x08003098   Section        0  stm32h7xx_ll_usb.o(i.USB_CoreInit)
    i.USB_CoreReset                          0x08003120   Section        0  stm32h7xx_ll_usb.o(i.USB_CoreReset)
    USB_CoreReset                            0x08003121   Thumb Code    58  stm32h7xx_ll_usb.o(i.USB_CoreReset)
    i.USB_DisableGlobalInt                   0x08003160   Section        0  stm32h7xx_ll_usb.o(i.USB_DisableGlobalInt)
    i.USB_FlushRxFifo                        0x0800316c   Section        0  stm32h7xx_ll_usb.o(i.USB_FlushRxFifo)
    i.USB_FlushTxFifo                        0x080031a8   Section        0  stm32h7xx_ll_usb.o(i.USB_FlushTxFifo)
    i.USB_HostInit                           0x080031e8   Section        0  stm32h7xx_ll_usb.o(i.USB_HostInit)
    i.USB_SetCurrentMode                     0x080032b0   Section        0  stm32h7xx_ll_usb.o(i.USB_SetCurrentMode)
    i.UsageFault_Handler                     0x0800330e   Section        0  stm32h7xx_it.o(i.UsageFault_Handler)
    i.__NVIC_SetPriority                     0x08003310   Section        0  stm32h7xx_hal_cortex.o(i.__NVIC_SetPriority)
    __NVIC_SetPriority                       0x08003311   Thumb Code    34  stm32h7xx_hal_cortex.o(i.__NVIC_SetPriority)
    i._sys_close                             0x08003332   Section        0  retarget_io.o(i._sys_close)
    i._sys_flen                              0x0800334a   Section        0  retarget_io.o(i._sys_flen)
    i._sys_istty                             0x08003356   Section        0  retarget_io.o(i._sys_istty)
    i._sys_open                              0x08003370   Section        0  retarget_io.o(i._sys_open)
    i._sys_seek                              0x080033cc   Section        0  retarget_io.o(i._sys_seek)
    i._sys_write                             0x080033d8   Section        0  retarget_io.o(i._sys_write)
    i.fputc                                  0x0800343c   Section        0  fputc.o(i.fputc)
    i.main                                   0x08003458   Section        0  main.o(i.main)
    x$fpl$fpinit                             0x080034e0   Section       10  fpinit.o(x$fpl$fpinit)
    $v0                                      0x080034e0   Number         0  fpinit.o(x$fpl$fpinit)
    .constdata                               0x080034ea   Section       16  system_stm32h7xx.o(.constdata)
    .constdata                               0x080034fc   Section       24  eventrecorder.o(.constdata)
    __tagsym$$used                           0x080034fc   Number         0  eventrecorder.o(.constdata)
    .constdata                               0x08003514   Section        7  retarget_io.o(.constdata)
    .constdata                               0x0800351b   Section        8  retarget_io.o(.constdata)
    .constdata                               0x08003523   Section        8  retarget_io.o(.constdata)
    .data                                    0x24000000   Section       12  stm32h7xx_hal.o(.data)
    .data                                    0x2400000c   Section        8  system_stm32h7xx.o(.data)
    .data                                    0x24000014   Section       12  retarget_io.o(.data)
    index                                    0x24000014   Data           4  retarget_io.o(.data)
    buffer                                   0x24000018   Data           8  retarget_io.o(.data)
    .data                                    0x24000020   Section        4  stdio_streams.o(.data)
    .data                                    0x24000024   Section        4  stdio_streams.o(.data)
    .data                                    0x24000028   Section        4  stdio_streams.o(.data)
    .bss                                     0x2400002c   Section      772  usb_otg.o(.bss)
    .bss                                     0x24000330   Section       84  stdio_streams.o(.bss)
    .bss                                     0x24000384   Section       84  stdio_streams.o(.bss)
    .bss                                     0x240003d8   Section       84  stdio_streams.o(.bss)
    .bss                                     0x2400042c   Section       96  libspace.o(.bss)
    .bss.noinit                              0x240004c0   Section     1188  eventrecorder.o(.bss.noinit)
    EventBuffer                              0x240004c0   Data        1024  eventrecorder.o(.bss.noinit)
    EventFilter                              0x240008c0   Data         128  eventrecorder.o(.bss.noinit)
    EventStatus                              0x24000940   Data          36  eventrecorder.o(.bss.noinit)
    HEAP                                     0x24000968   Section      512  startup_stm32h7a3xxq.o(HEAP)
    Heap_Mem                                 0x24000968   Data         512  startup_stm32h7a3xxq.o(HEAP)
    STACK                                    0x24000b68   Section     1024  startup_stm32h7a3xxq.o(STACK)
    Stack_Mem                                0x24000b68   Data        1024  startup_stm32h7a3xxq.o(STACK)
    __initial_sp                             0x24000f68   Data           0  startup_stm32h7a3xxq.o(STACK)

    Global Symbols

    Symbol Name                              Value     Ov Type        Size  Object(Section)

    BuildAttributes$$THM_ISAv4$E$P$D$K$B$S$7EM$VFPv5_D16$PE$PLD8$A:L22UL41UL21$X:L11$S22US41US21$IEEE1$IW$USESV6$~STKCKD$USESV7$~SHL$OTIME$ROPI$EBA8$UX$STANDARDLIB$REQ8$PRES8$EABIv2 0x00000000   Number         0  anon$$obj.o ABSOLUTE
    __ARM_use_no_argv                        0x00000000   Number         0  main.o ABSOLUTE
    __ARM_exceptions_init                     - Undefined Weak Reference
    __alloca_initialize                       - Undefined Weak Reference
    __arm_preinit_                            - Undefined Weak Reference
    __cpp_initialize__aeabi_                  - Undefined Weak Reference
    __cxa_finalize                            - Undefined Weak Reference
    __rt_locale                               - Undefined Weak Reference
    __sigvec_lookup                           - Undefined Weak Reference
    __user_heap_extent                        - Undefined Weak Reference
    _atexit_init                              - Undefined Weak Reference
    _call_atexit_fns                          - Undefined Weak Reference
    _clock_init                               - Undefined Weak Reference
    _fp_trap_init                             - Undefined Weak Reference
    _fp_trap_shutdown                         - Undefined Weak Reference
    _get_lc_collate                           - Undefined Weak Reference
    _get_lc_ctype                             - Undefined Weak Reference
    _get_lc_monetary                          - Undefined Weak Reference
    _get_lc_numeric                           - Undefined Weak Reference
    _get_lc_time                              - Undefined Weak Reference
    _getenv_init                              - Undefined Weak Reference
    _handle_redirection                       - Undefined Weak Reference
    _mutex_acquire                            - Undefined Weak Reference
    _mutex_free                               - Undefined Weak Reference
    _mutex_release                            - Undefined Weak Reference
    _rand_init                                - Undefined Weak Reference
    _signal_finish                            - Undefined Weak Reference
    _signal_init                              - Undefined Weak Reference
    __Vectors_Size                           0x000002ac   Number         0  startup_stm32h7a3xxq.o ABSOLUTE
    __Vectors                                0x08000000   Data           4  startup_stm32h7a3xxq.o(RESET)
    __Vectors_End                            0x080002ac   Data           0  startup_stm32h7a3xxq.o(RESET)
    __main                                   0x080002ad   Thumb Code     8  __main.o(!!!main)
    __scatterload                            0x080002b5   Thumb Code     0  __scatter.o(!!!scatter)
    __scatterload_rt2                        0x080002b5   Thumb Code    44  __scatter.o(!!!scatter)
    __scatterload_rt2_thumb_only             0x080002b5   Thumb Code     0  __scatter.o(!!!scatter)
    __scatterload_null                       0x080002c3   Thumb Code     0  __scatter.o(!!!scatter)
    __scatterload_copy                       0x080002e9   Thumb Code    26  __scatter_copy.o(!!handler_copy)
    __scatterload_zeroinit                   0x08000305   Thumb Code    28  __scatter_zi.o(!!handler_zi)
    __rt_lib_init                            0x08000321   Thumb Code     0  libinit.o(.ARM.Collect$$libinit$$00000000)
    __rt_lib_init_fp_1                       0x08000323   Thumb Code     0  libinit2.o(.ARM.Collect$$libinit$$00000001)
    __rt_lib_init_heap_2                     0x08000327   Thumb Code     0  libinit2.o(.ARM.Collect$$libinit$$00000005)
    __rt_lib_init_preinit_1                  0x08000327   Thumb Code     0  libinit2.o(.ARM.Collect$$libinit$$00000004)
    __rt_lib_init_atexit_1                   0x0800032f   Thumb Code     0  libinit2.o(.ARM.Collect$$libinit$$0000001B)
    __rt_lib_init_clock_1                    0x0800032f   Thumb Code     0  libinit2.o(.ARM.Collect$$libinit$$00000021)
    __rt_lib_init_fp_trap_1                  0x0800032f   Thumb Code     0  libinit2.o(.ARM.Collect$$libinit$$0000001F)
    __rt_lib_init_getenv_1                   0x0800032f   Thumb Code     0  libinit2.o(.ARM.Collect$$libinit$$00000023)
    __rt_lib_init_heap_1                     0x0800032f   Thumb Code     0  libinit2.o(.ARM.Collect$$libinit$$0000000A)
    __rt_lib_init_lc_collate_1               0x0800032f   Thumb Code     0  libinit2.o(.ARM.Collect$$libinit$$00000011)
    __rt_lib_init_lc_ctype_1                 0x0800032f   Thumb Code     0  libinit2.o(.ARM.Collect$$libinit$$00000013)
    __rt_lib_init_lc_monetary_1              0x0800032f   Thumb Code     0  libinit2.o(.ARM.Collect$$libinit$$00000015)
    __rt_lib_init_lc_numeric_1               0x0800032f   Thumb Code     0  libinit2.o(.ARM.Collect$$libinit$$00000017)
    __rt_lib_init_lc_time_1                  0x0800032f   Thumb Code     0  libinit2.o(.ARM.Collect$$libinit$$00000019)
    __rt_lib_init_rand_1                     0x0800032f   Thumb Code     0  libinit2.o(.ARM.Collect$$libinit$$0000000E)
    __rt_lib_init_signal_1                   0x0800032f   Thumb Code     0  libinit2.o(.ARM.Collect$$libinit$$0000001D)
    __rt_lib_init_stdio_2                    0x0800032f   Thumb Code     0  libinit2.o(.ARM.Collect$$libinit$$00000024)
    __rt_lib_init_user_alloc_1               0x0800032f   Thumb Code     0  libinit2.o(.ARM.Collect$$libinit$$0000000C)
    __rt_lib_init_alloca_1                   0x08000333   Thumb Code     0  libinit2.o(.ARM.Collect$$libinit$$0000002E)
    __rt_lib_init_argv_1                     0x08000333   Thumb Code     0  libinit2.o(.ARM.Collect$$libinit$$0000002C)
    __rt_lib_init_cpp_1                      0x08000333   Thumb Code     0  libinit2.o(.ARM.Collect$$libinit$$00000032)
    __rt_lib_init_exceptions_1               0x08000333   Thumb Code     0  libinit2.o(.ARM.Collect$$libinit$$00000030)
    __rt_lib_init_return                     0x08000333   Thumb Code     0  libinit2.o(.ARM.Collect$$libinit$$00000033)
    __rt_lib_init_stdio_1                    0x08000333   Thumb Code     0  libinit2.o(.ARM.Collect$$libinit$$00000025)
    __rt_lib_shutdown                        0x08000335   Thumb Code     0  libshutdown.o(.ARM.Collect$$libshutdown$$00000000)
    __rt_lib_shutdown_cpp_1                  0x08000337   Thumb Code     0  libshutdown2.o(.ARM.Collect$$libshutdown$$00000002)
    __rt_lib_shutdown_stdio_2                0x08000337   Thumb Code     0  libshutdown2.o(.ARM.Collect$$libshutdown$$00000003)
    __rt_lib_shutdown_fp_trap_1              0x0800033b   Thumb Code     0  libshutdown2.o(.ARM.Collect$$libshutdown$$00000007)
    __rt_lib_shutdown_heap_1                 0x0800033b   Thumb Code     0  libshutdown2.o(.ARM.Collect$$libshutdown$$0000000F)
    __rt_lib_shutdown_return                 0x0800033b   Thumb Code     0  libshutdown2.o(.ARM.Collect$$libshutdown$$00000010)
    __rt_lib_shutdown_signal_1               0x0800033b   Thumb Code     0  libshutdown2.o(.ARM.Collect$$libshutdown$$0000000A)
    __rt_lib_shutdown_stdio_1                0x0800033b   Thumb Code     0  libshutdown2.o(.ARM.Collect$$libshutdown$$00000004)
    __rt_lib_shutdown_user_alloc_1           0x0800033b   Thumb Code     0  libshutdown2.o(.ARM.Collect$$libshutdown$$0000000C)
    __rt_entry                               0x0800033d   Thumb Code     0  __rtentry.o(.ARM.Collect$$rtentry$$00000000)
    __rt_entry_presh_1                       0x0800033d   Thumb Code     0  __rtentry2.o(.ARM.Collect$$rtentry$$00000002)
    __rt_entry_sh                            0x0800033d   Thumb Code     0  __rtentry4.o(.ARM.Collect$$rtentry$$00000004)
    __rt_entry_li                            0x08000343   Thumb Code     0  __rtentry2.o(.ARM.Collect$$rtentry$$0000000A)
    __rt_entry_postsh_1                      0x08000343   Thumb Code     0  __rtentry2.o(.ARM.Collect$$rtentry$$00000009)
    __rt_entry_main                          0x08000347   Thumb Code     0  __rtentry2.o(.ARM.Collect$$rtentry$$0000000D)
    __rt_entry_postli_1                      0x08000347   Thumb Code     0  __rtentry2.o(.ARM.Collect$$rtentry$$0000000C)
    __rt_exit                                0x0800034f   Thumb Code     0  rtexit.o(.ARM.Collect$$rtexit$$00000000)
    __rt_exit_ls                             0x08000351   Thumb Code     0  rtexit2.o(.ARM.Collect$$rtexit$$00000003)
    __rt_exit_prels_1                        0x08000351   Thumb Code     0  rtexit2.o(.ARM.Collect$$rtexit$$00000002)
    __rt_exit_exit                           0x08000355   Thumb Code     0  rtexit2.o(.ARM.Collect$$rtexit$$00000004)
    __asm___15_EventRecorder_c_e8d3082c__atomic_inc8 0x0800035d   Thumb Code    18  eventrecorder.o(.emb_text)
    __asm___15_EventRecorder_c_e8d3082c__atomic_inc32 0x0800036f   Thumb Code    18  eventrecorder.o(.emb_text)
    __asm___15_EventRecorder_c_e8d3082c__atomic_xch32 0x08000381   Thumb Code    16  eventrecorder.o(.emb_text)
    __asm___15_EventRecorder_c_e8d3082c__LockRecord 0x08000391   Thumb Code    34  eventrecorder.o(.emb_text)
    __asm___15_EventRecorder_c_e8d3082c__UnlockRecord 0x080003b3   Thumb Code    30  eventrecorder.o(.emb_text)
    Reset_Handler                            0x080003d1   Thumb Code     8  startup_stm32h7a3xxq.o(.text)
    _maybe_terminate_alloc                   0x080003d1   Thumb Code     0  maybetermalloc1.o(.emb_text)
    ADC_IRQHandler                           0x080003eb   Thumb Code     0  startup_stm32h7a3xxq.o(.text)
    BDMA1_IRQHandler                         0x080003eb   Thumb Code     0  startup_stm32h7a3xxq.o(.text)
    BDMA2_Channel0_IRQHandler                0x080003eb   Thumb Code     0  startup_stm32h7a3xxq.o(.text)
    BDMA2_Channel1_IRQHandler                0x080003eb   Thumb Code     0  startup_stm32h7a3xxq.o(.text)
    BDMA2_Channel2_IRQHandler                0x080003eb   Thumb Code     0  startup_stm32h7a3xxq.o(.text)
    BDMA2_Channel3_IRQHandler                0x080003eb   Thumb Code     0  startup_stm32h7a3xxq.o(.text)
    BDMA2_Channel4_IRQHandler                0x080003eb   Thumb Code     0  startup_stm32h7a3xxq.o(.text)
    BDMA2_Channel5_IRQHandler                0x080003eb   Thumb Code     0  startup_stm32h7a3xxq.o(.text)
    BDMA2_Channel6_IRQHandler                0x080003eb   Thumb Code     0  startup_stm32h7a3xxq.o(.text)
    BDMA2_Channel7_IRQHandler                0x080003eb   Thumb Code     0  startup_stm32h7a3xxq.o(.text)
    CEC_IRQHandler                           0x080003eb   Thumb Code     0  startup_stm32h7a3xxq.o(.text)
    COMP_IRQHandler                          0x080003eb   Thumb Code     0  startup_stm32h7a3xxq.o(.text)
    CRS_IRQHandler                           0x080003eb   Thumb Code     0  startup_stm32h7a3xxq.o(.text)
    DAC2_IRQHandler                          0x080003eb   Thumb Code     0  startup_stm32h7a3xxq.o(.text)
    DCMI_PSSI_IRQHandler                     0x080003eb   Thumb Code     0  startup_stm32h7a3xxq.o(.text)
    DFSDM1_FLT0_IRQHandler                   0x080003eb   Thumb Code     0  startup_stm32h7a3xxq.o(.text)
    DFSDM1_FLT1_IRQHandler                   0x080003eb   Thumb Code     0  startup_stm32h7a3xxq.o(.text)
    DFSDM1_FLT2_IRQHandler                   0x080003eb   Thumb Code     0  startup_stm32h7a3xxq.o(.text)
    DFSDM1_FLT3_IRQHandler                   0x080003eb   Thumb Code     0  startup_stm32h7a3xxq.o(.text)
    DFSDM1_FLT4_IRQHandler                   0x080003eb   Thumb Code     0  startup_stm32h7a3xxq.o(.text)
    DFSDM1_FLT5_IRQHandler                   0x080003eb   Thumb Code     0  startup_stm32h7a3xxq.o(.text)
    DFSDM1_FLT6_IRQHandler                   0x080003eb   Thumb Code     0  startup_stm32h7a3xxq.o(.text)
    DFSDM1_FLT7_IRQHandler                   0x080003eb   Thumb Code     0  startup_stm32h7a3xxq.o(.text)
    DFSDM2_IRQHandler                        0x080003eb   Thumb Code     0  startup_stm32h7a3xxq.o(.text)
    DMA1_Stream0_IRQHandler                  0x080003eb   Thumb Code     0  startup_stm32h7a3xxq.o(.text)
    DMA1_Stream1_IRQHandler                  0x080003eb   Thumb Code     0  startup_stm32h7a3xxq.o(.text)
    DMA1_Stream2_IRQHandler                  0x080003eb   Thumb Code     0  startup_stm32h7a3xxq.o(.text)
    DMA1_Stream3_IRQHandler                  0x080003eb   Thumb Code     0  startup_stm32h7a3xxq.o(.text)
    DMA1_Stream4_IRQHandler                  0x080003eb   Thumb Code     0  startup_stm32h7a3xxq.o(.text)
    DMA1_Stream5_IRQHandler                  0x080003eb   Thumb Code     0  startup_stm32h7a3xxq.o(.text)
    DMA1_Stream6_IRQHandler                  0x080003eb   Thumb Code     0  startup_stm32h7a3xxq.o(.text)
    DMA1_Stream7_IRQHandler                  0x080003eb   Thumb Code     0  startup_stm32h7a3xxq.o(.text)
    DMA2D_IRQHandler                         0x080003eb   Thumb Code     0  startup_stm32h7a3xxq.o(.text)
    DMA2_Stream0_IRQHandler                  0x080003eb   Thumb Code     0  startup_stm32h7a3xxq.o(.text)
    DMA2_Stream1_IRQHandler                  0x080003eb   Thumb Code     0  startup_stm32h7a3xxq.o(.text)
    DMA2_Stream2_IRQHandler                  0x080003eb   Thumb Code     0  startup_stm32h7a3xxq.o(.text)
    DMA2_Stream3_IRQHandler                  0x080003eb   Thumb Code     0  startup_stm32h7a3xxq.o(.text)
    DMA2_Stream4_IRQHandler                  0x080003eb   Thumb Code     0  startup_stm32h7a3xxq.o(.text)
    DMA2_Stream5_IRQHandler                  0x080003eb   Thumb Code     0  startup_stm32h7a3xxq.o(.text)
    DMA2_Stream6_IRQHandler                  0x080003eb   Thumb Code     0  startup_stm32h7a3xxq.o(.text)
    DMA2_Stream7_IRQHandler                  0x080003eb   Thumb Code     0  startup_stm32h7a3xxq.o(.text)
    DMAMUX1_OVR_IRQHandler                   0x080003eb   Thumb Code     0  startup_stm32h7a3xxq.o(.text)
    DMAMUX2_OVR_IRQHandler                   0x080003eb   Thumb Code     0  startup_stm32h7a3xxq.o(.text)
    DTS_IRQHandler                           0x080003eb   Thumb Code     0  startup_stm32h7a3xxq.o(.text)
    ECC_IRQHandler                           0x080003eb   Thumb Code     0  startup_stm32h7a3xxq.o(.text)
    EXTI0_IRQHandler                         0x080003eb   Thumb Code     0  startup_stm32h7a3xxq.o(.text)
    EXTI15_10_IRQHandler                     0x080003eb   Thumb Code     0  startup_stm32h7a3xxq.o(.text)
    EXTI1_IRQHandler                         0x080003eb   Thumb Code     0  startup_stm32h7a3xxq.o(.text)
    EXTI2_IRQHandler                         0x080003eb   Thumb Code     0  startup_stm32h7a3xxq.o(.text)
    EXTI3_IRQHandler                         0x080003eb   Thumb Code     0  startup_stm32h7a3xxq.o(.text)
    EXTI4_IRQHandler                         0x080003eb   Thumb Code     0  startup_stm32h7a3xxq.o(.text)
    EXTI9_5_IRQHandler                       0x080003eb   Thumb Code     0  startup_stm32h7a3xxq.o(.text)
    FDCAN1_IT0_IRQHandler                    0x080003eb   Thumb Code     0  startup_stm32h7a3xxq.o(.text)
    FDCAN1_IT1_IRQHandler                    0x080003eb   Thumb Code     0  startup_stm32h7a3xxq.o(.text)
    FDCAN2_IT0_IRQHandler                    0x080003eb   Thumb Code     0  startup_stm32h7a3xxq.o(.text)
    FDCAN2_IT1_IRQHandler                    0x080003eb   Thumb Code     0  startup_stm32h7a3xxq.o(.text)
    FDCAN_CAL_IRQHandler                     0x080003eb   Thumb Code     0  startup_stm32h7a3xxq.o(.text)
    FLASH_IRQHandler                         0x080003eb   Thumb Code     0  startup_stm32h7a3xxq.o(.text)
    FMC_IRQHandler                           0x080003eb   Thumb Code     0  startup_stm32h7a3xxq.o(.text)
    FPU_IRQHandler                           0x080003eb   Thumb Code     0  startup_stm32h7a3xxq.o(.text)
    GFXMMU_IRQHandler                        0x080003eb   Thumb Code     0  startup_stm32h7a3xxq.o(.text)
    HSEM1_IRQHandler                         0x080003eb   Thumb Code     0  startup_stm32h7a3xxq.o(.text)
    I2C1_ER_IRQHandler                       0x080003eb   Thumb Code     0  startup_stm32h7a3xxq.o(.text)
    I2C1_EV_IRQHandler                       0x080003eb   Thumb Code     0  startup_stm32h7a3xxq.o(.text)
    I2C2_ER_IRQHandler                       0x080003eb   Thumb Code     0  startup_stm32h7a3xxq.o(.text)
    I2C2_EV_IRQHandler                       0x080003eb   Thumb Code     0  startup_stm32h7a3xxq.o(.text)
    I2C3_ER_IRQHandler                       0x080003eb   Thumb Code     0  startup_stm32h7a3xxq.o(.text)
    I2C3_EV_IRQHandler                       0x080003eb   Thumb Code     0  startup_stm32h7a3xxq.o(.text)
    I2C4_ER_IRQHandler                       0x080003eb   Thumb Code     0  startup_stm32h7a3xxq.o(.text)
    I2C4_EV_IRQHandler                       0x080003eb   Thumb Code     0  startup_stm32h7a3xxq.o(.text)
    JPEG_IRQHandler                          0x080003eb   Thumb Code     0  startup_stm32h7a3xxq.o(.text)
    LPTIM1_IRQHandler                        0x080003eb   Thumb Code     0  startup_stm32h7a3xxq.o(.text)
    LPTIM2_IRQHandler                        0x080003eb   Thumb Code     0  startup_stm32h7a3xxq.o(.text)
    LPTIM3_IRQHandler                        0x080003eb   Thumb Code     0  startup_stm32h7a3xxq.o(.text)
    LPUART1_IRQHandler                       0x080003eb   Thumb Code     0  startup_stm32h7a3xxq.o(.text)
    LTDC_ER_IRQHandler                       0x080003eb   Thumb Code     0  startup_stm32h7a3xxq.o(.text)
    LTDC_IRQHandler                          0x080003eb   Thumb Code     0  startup_stm32h7a3xxq.o(.text)
    MDIOS_IRQHandler                         0x080003eb   Thumb Code     0  startup_stm32h7a3xxq.o(.text)
    MDIOS_WKUP_IRQHandler                    0x080003eb   Thumb Code     0  startup_stm32h7a3xxq.o(.text)
    MDMA_IRQHandler                          0x080003eb   Thumb Code     0  startup_stm32h7a3xxq.o(.text)
    OCTOSPI1_IRQHandler                      0x080003eb   Thumb Code     0  startup_stm32h7a3xxq.o(.text)
    OCTOSPI2_IRQHandler                      0x080003eb   Thumb Code     0  startup_stm32h7a3xxq.o(.text)
    OTG_HS_EP1_IN_IRQHandler                 0x080003eb   Thumb Code     0  startup_stm32h7a3xxq.o(.text)
    OTG_HS_EP1_OUT_IRQHandler                0x080003eb   Thumb Code     0  startup_stm32h7a3xxq.o(.text)
    OTG_HS_IRQHandler                        0x080003eb   Thumb Code     0  startup_stm32h7a3xxq.o(.text)
    OTG_HS_WKUP_IRQHandler                   0x080003eb   Thumb Code     0  startup_stm32h7a3xxq.o(.text)
    PVD_PVM_IRQHandler                       0x080003eb   Thumb Code     0  startup_stm32h7a3xxq.o(.text)
    RCC_IRQHandler                           0x080003eb   Thumb Code     0  startup_stm32h7a3xxq.o(.text)
    RNG_IRQHandler                           0x080003eb   Thumb Code     0  startup_stm32h7a3xxq.o(.text)
    RTC_Alarm_IRQHandler                     0x080003eb   Thumb Code     0  startup_stm32h7a3xxq.o(.text)
    RTC_TAMP_STAMP_CSS_LSE_IRQHandler        0x080003eb   Thumb Code     0  startup_stm32h7a3xxq.o(.text)
    RTC_WKUP_IRQHandler                      0x080003eb   Thumb Code     0  startup_stm32h7a3xxq.o(.text)
    SAI1_IRQHandler                          0x080003eb   Thumb Code     0  startup_stm32h7a3xxq.o(.text)
    SAI2_IRQHandler                          0x080003eb   Thumb Code     0  startup_stm32h7a3xxq.o(.text)
    SDMMC1_IRQHandler                        0x080003eb   Thumb Code     0  startup_stm32h7a3xxq.o(.text)
    SDMMC2_IRQHandler                        0x080003eb   Thumb Code     0  startup_stm32h7a3xxq.o(.text)
    SPDIF_RX_IRQHandler                      0x080003eb   Thumb Code     0  startup_stm32h7a3xxq.o(.text)
    SPI1_IRQHandler                          0x080003eb   Thumb Code     0  startup_stm32h7a3xxq.o(.text)
    SPI2_IRQHandler                          0x080003eb   Thumb Code     0  startup_stm32h7a3xxq.o(.text)
    SPI3_IRQHandler                          0x080003eb   Thumb Code     0  startup_stm32h7a3xxq.o(.text)
    SPI4_IRQHandler                          0x080003eb   Thumb Code     0  startup_stm32h7a3xxq.o(.text)
    SPI5_IRQHandler                          0x080003eb   Thumb Code     0  startup_stm32h7a3xxq.o(.text)
    SPI6_IRQHandler                          0x080003eb   Thumb Code     0  startup_stm32h7a3xxq.o(.text)
    SWPMI1_IRQHandler                        0x080003eb   Thumb Code     0  startup_stm32h7a3xxq.o(.text)
    TIM15_IRQHandler                         0x080003eb   Thumb Code     0  startup_stm32h7a3xxq.o(.text)
    TIM16_IRQHandler                         0x080003eb   Thumb Code     0  startup_stm32h7a3xxq.o(.text)
    TIM17_IRQHandler                         0x080003eb   Thumb Code     0  startup_stm32h7a3xxq.o(.text)
    TIM1_BRK_IRQHandler                      0x080003eb   Thumb Code     0  startup_stm32h7a3xxq.o(.text)
    TIM1_CC_IRQHandler                       0x080003eb   Thumb Code     0  startup_stm32h7a3xxq.o(.text)
    TIM1_TRG_COM_IRQHandler                  0x080003eb   Thumb Code     0  startup_stm32h7a3xxq.o(.text)
    TIM1_UP_IRQHandler                       0x080003eb   Thumb Code     0  startup_stm32h7a3xxq.o(.text)
    TIM2_IRQHandler                          0x080003eb   Thumb Code     0  startup_stm32h7a3xxq.o(.text)
    TIM3_IRQHandler                          0x080003eb   Thumb Code     0  startup_stm32h7a3xxq.o(.text)
    TIM4_IRQHandler                          0x080003eb   Thumb Code     0  startup_stm32h7a3xxq.o(.text)
    TIM5_IRQHandler                          0x080003eb   Thumb Code     0  startup_stm32h7a3xxq.o(.text)
    TIM6_DAC_IRQHandler                      0x080003eb   Thumb Code     0  startup_stm32h7a3xxq.o(.text)
    TIM7_IRQHandler                          0x080003eb   Thumb Code     0  startup_stm32h7a3xxq.o(.text)
    TIM8_BRK_TIM12_IRQHandler                0x080003eb   Thumb Code     0  startup_stm32h7a3xxq.o(.text)
    TIM8_CC_IRQHandler                       0x080003eb   Thumb Code     0  startup_stm32h7a3xxq.o(.text)
    TIM8_TRG_COM_TIM14_IRQHandler            0x080003eb   Thumb Code     0  startup_stm32h7a3xxq.o(.text)
    TIM8_UP_TIM13_IRQHandler                 0x080003eb   Thumb Code     0  startup_stm32h7a3xxq.o(.text)
    UART4_IRQHandler                         0x080003eb   Thumb Code     0  startup_stm32h7a3xxq.o(.text)
    UART5_IRQHandler                         0x080003eb   Thumb Code     0  startup_stm32h7a3xxq.o(.text)
    UART7_IRQHandler                         0x080003eb   Thumb Code     0  startup_stm32h7a3xxq.o(.text)
    UART8_IRQHandler                         0x080003eb   Thumb Code     0  startup_stm32h7a3xxq.o(.text)
    UART9_IRQHandler                         0x080003eb   Thumb Code     0  startup_stm32h7a3xxq.o(.text)
    USART10_IRQHandler                       0x080003eb   Thumb Code     0  startup_stm32h7a3xxq.o(.text)
    USART1_IRQHandler                        0x080003eb   Thumb Code     0  startup_stm32h7a3xxq.o(.text)
    USART2_IRQHandler                        0x080003eb   Thumb Code     0  startup_stm32h7a3xxq.o(.text)
    USART3_IRQHandler                        0x080003eb   Thumb Code     0  startup_stm32h7a3xxq.o(.text)
    USART6_IRQHandler                        0x080003eb   Thumb Code     0  startup_stm32h7a3xxq.o(.text)
    WAKEUP_PIN_IRQHandler                    0x080003eb   Thumb Code     0  startup_stm32h7a3xxq.o(.text)
    WWDG_IRQHandler                          0x080003eb   Thumb Code     0  startup_stm32h7a3xxq.o(.text)
    __user_initial_stackheap                 0x080003ed   Thumb Code     0  startup_stm32h7a3xxq.o(.text)
    __2printf                                0x08000411   Thumb Code    20  noretval__2printf.o(.text)
    __aeabi_memcpy                           0x08000429   Thumb Code     0  rt_memcpy_v6.o(.text)
    __rt_memcpy                              0x08000429   Thumb Code   138  rt_memcpy_v6.o(.text)
    _memcpy_lastbytes                        0x0800048f   Thumb Code     0  rt_memcpy_v6.o(.text)
    __aeabi_memcpy4                          0x080004b3   Thumb Code     0  rt_memcpy_w.o(.text)
    __aeabi_memcpy8                          0x080004b3   Thumb Code     0  rt_memcpy_w.o(.text)
    __rt_memcpy_w                            0x080004b3   Thumb Code   100  rt_memcpy_w.o(.text)
    _memcpy_lastbytes_aligned                0x080004fb   Thumb Code     0  rt_memcpy_w.o(.text)
    __aeabi_memclr4                          0x08000517   Thumb Code     0  rt_memclr_w.o(.text)
    __aeabi_memclr8                          0x08000517   Thumb Code     0  rt_memclr_w.o(.text)
    __rt_memclr_w                            0x08000517   Thumb Code    78  rt_memclr_w.o(.text)
    _memset_w                                0x0800051b   Thumb Code     0  rt_memclr_w.o(.text)
    strcmp                                   0x08000565   Thumb Code   104  strcmpv7m_pel.o(.text)
    __use_two_region_memory                  0x080005cd   Thumb Code     2  heapauxi.o(.text)
    __rt_heap_escrow                         0x080005cf   Thumb Code     2  heapauxi.o(.text)
    __rt_heap_expand                         0x080005d1   Thumb Code     2  heapauxi.o(.text)
    _printf_char_file                        0x080005d5   Thumb Code    32  _printf_char_file.o(.text)
    _printf_char_common                      0x08000603   Thumb Code    32  _printf_char_common.o(.text)
    ferror                                   0x08000629   Thumb Code     8  ferror.o(.text)
    _initio                                  0x08000631   Thumb Code   210  initio.o(.text)
    _terminateio                             0x08000703   Thumb Code    56  initio.o(.text)
    __user_setup_stackheap                   0x08000769   Thumb Code    74  sys_stackheap_outer.o(.text)
    free                                     0x080007b3   Thumb Code    78  h1_free.o(.text)
    __printf                                 0x08000801   Thumb Code    40  __printf_nopercent.o(.text)
    __flsbuf                                 0x08000829   Thumb Code   470  flsbuf.o(.text)
    __flsbuf_byte                            0x08000829   Thumb Code     0  flsbuf.o(.text)
    __flsbuf_wide                            0x08000829   Thumb Code     0  flsbuf.o(.text)
    setvbuf                                  0x080009ff   Thumb Code    70  setvbuf.o(.text)
    freopen                                  0x08000a45   Thumb Code   158  fopen.o(.text)
    fopen                                    0x08000ae3   Thumb Code    74  fopen.o(.text)
    _fclose_internal                         0x08000b31   Thumb Code    76  fclose.o(.text)
    fclose                                   0x08000b31   Thumb Code     0  fclose.o(.text)
    exit                                     0x08000b7d   Thumb Code    18  exit.o(.text)
    __rt_SIGRTRED                            0x08000b8f   Thumb Code    14  defsig_rtred_outer.o(.text)
    __user_libspace                          0x08000b9d   Thumb Code     8  libspace.o(.text)
    __user_perproc_libspace                  0x08000b9d   Thumb Code     0  libspace.o(.text)
    __user_perthread_libspace                0x08000b9d   Thumb Code     0  libspace.o(.text)
    __rt_heap_descriptor                     0x08000ba5   Thumb Code     8  rt_heap_descriptor_intlibspace.o(.text)
    __use_no_heap                            0x08000bad   Thumb Code     2  hguard.o(.text)
    __heap$guard                             0x08000baf   Thumb Code     2  hguard.o(.text)
    _terminate_user_alloc                    0x08000bb1   Thumb Code     2  init_alloc.o(.text)
    _init_user_alloc                         0x08000bb3   Thumb Code     2  init_alloc.o(.text)
    __Heap_Full                              0x08000bb5   Thumb Code    34  init_alloc.o(.text)
    __Heap_Broken                            0x08000bd7   Thumb Code     6  init_alloc.o(.text)
    _init_alloc                              0x08000bdd   Thumb Code    94  init_alloc.o(.text)
    malloc                                   0x08000c3b   Thumb Code    94  h1_alloc.o(.text)
    _fseek                                   0x08000c99   Thumb Code   242  fseek.o(.text)
    fseek                                    0x08000c99   Thumb Code     0  fseek.o(.text)
    _seterr                                  0x08000d91   Thumb Code    20  stdio.o(.text)
    _writebuf                                0x08000da5   Thumb Code    84  stdio.o(.text)
    _fflush                                  0x08000df9   Thumb Code    70  stdio.o(.text)
    _deferredlazyseek                        0x08000e3f   Thumb Code    60  stdio.o(.text)
    __sig_exit                               0x08000e81   Thumb Code    10  defsig_exit.o(.text)
    __rt_SIGRTRED_inner                      0x08000e8d   Thumb Code    14  defsig_rtred_inner.o(.text)
    _sys_exit                                0x08000ec1   Thumb Code     8  sys_exit.o(.text)
    __Heap_Initialize                        0x08000ecd   Thumb Code    10  h1_init.o(.text)
    __Heap_DescSize                          0x08000ed7   Thumb Code     4  h1_init.o(.text)
    __Heap_ProvideMemory                     0x08000edb   Thumb Code    52  h1_extend.o(.text)
    _ftell_internal                          0x08000f0f   Thumb Code    66  ftell.o(.text)
    ftell                                    0x08000f0f   Thumb Code     0  ftell.o(.text)
    __default_signal_display                 0x08000f51   Thumb Code    50  defsig_general.o(.text)
    __rt_SIGRTMEM                            0x08000f83   Thumb Code    14  defsig_rtmem_outer.o(.text)
    _ttywrch                                 0x08000f91   Thumb Code    14  sys_wrch.o(.text)
    __I$use$semihosting                      0x08000f9f   Thumb Code     0  use_no_semi.o(.text)
    __use_no_semihosting_swi                 0x08000f9f   Thumb Code     2  use_no_semi.o(.text)
    __aeabi_errno_addr                       0x08000fa1   Thumb Code     8  rt_errno_addr_intlibspace.o(.text)
    __errno$intlibspace                      0x08000fa1   Thumb Code     0  rt_errno_addr_intlibspace.o(.text)
    __rt_errno_addr$intlibspace              0x08000fa1   Thumb Code     0  rt_errno_addr_intlibspace.o(.text)
    __semihosting_library_function           0x08000fa1   Thumb Code     0  indicate_semi.o(.text)
    __rt_SIGRTMEM_inner                      0x08000fa9   Thumb Code    22  defsig_rtmem_inner.o(.text)
    BusFault_Handler                         0x08000ff9   Thumb Code     2  stm32h7xx_it.o(i.BusFault_Handler)
    DebugMon_Handler                         0x08000ffb   Thumb Code     2  stm32h7xx_it.o(i.DebugMon_Handler)
    Error_Handler                            0x08000ffd   Thumb Code     4  main.o(i.Error_Handler)
    EventRecordData                          0x08001059   Thumb Code   248  eventrecorder.o(i.EventRecordData)
    EventRecorderEnable                      0x080011fd   Thumb Code    86  eventrecorder.o(i.EventRecorderEnable)
    EventRecorderInitialize                  0x08001259   Thumb Code   248  eventrecorder.o(i.EventRecorderInitialize)
    EventRecorderStart                       0x08001365   Thumb Code    34  eventrecorder.o(i.EventRecorderStart)
    EventRecorderTimerGetCount               0x08001391   Thumb Code     6  eventrecorder.o(i.EventRecorderTimerGetCount)
    EventRecorderTimerGetFreq                0x0800139d   Thumb Code     6  eventrecorder.o(i.EventRecorderTimerGetFreq)
    EventRecorderTimerSetup                  0x080013a9   Thumb Code    24  eventrecorder.o(i.EventRecorderTimerSetup)
    HAL_Delay                                0x080013c9   Thumb Code    32  stm32h7xx_hal.o(i.HAL_Delay)
    HAL_GPIO_Init                            0x080013ed   Thumb Code   506  stm32h7xx_hal_gpio.o(i.HAL_GPIO_Init)
    HAL_GetTick                              0x08001619   Thumb Code     6  stm32h7xx_hal.o(i.HAL_GetTick)
    HAL_HCD_Init                             0x08001625   Thumb Code   114  stm32h7xx_hal_hcd.o(i.HAL_HCD_Init)
    HAL_HCD_MspInit                          0x08001699   Thumb Code   214  usb_otg.o(i.HAL_HCD_MspInit)
    HAL_IncTick                              0x08001785   Thumb Code    12  stm32h7xx_hal.o(i.HAL_IncTick)
    HAL_Init                                 0x08001795   Thumb Code    74  stm32h7xx_hal.o(i.HAL_Init)
    HAL_InitTick                             0x080017f1   Thumb Code    56  stm32h7xx_hal.o(i.HAL_InitTick)
    HAL_MPU_ConfigRegion                     0x08001831   Thumb Code    86  stm32h7xx_hal_cortex.o(i.HAL_MPU_ConfigRegion)
    HAL_MPU_Disable                          0x0800188d   Thumb Code    24  stm32h7xx_hal_cortex.o(i.HAL_MPU_Disable)
    HAL_MPU_Enable                           0x080018a9   Thumb Code    30  stm32h7xx_hal_cortex.o(i.HAL_MPU_Enable)
    HAL_MspInit                              0x080018cd   Thumb Code    22  stm32h7xx_hal_msp.o(i.HAL_MspInit)
    HAL_NVIC_SetPriority                     0x080018e9   Thumb Code    60  stm32h7xx_hal_cortex.o(i.HAL_NVIC_SetPriority)
    HAL_NVIC_SetPriorityGrouping             0x08001929   Thumb Code    28  stm32h7xx_hal_cortex.o(i.HAL_NVIC_SetPriorityGrouping)
    HAL_PWREx_ConfigSupply                   0x0800194d   Thumb Code   128  stm32h7xx_hal_pwr_ex.o(i.HAL_PWREx_ConfigSupply)
    HAL_PWREx_EnableUSBVoltageDetector       0x080019d1   Thumb Code    12  stm32h7xx_hal_pwr_ex.o(i.HAL_PWREx_EnableUSBVoltageDetector)
    HAL_RCCEx_PeriphCLKConfig                0x080019e1   Thumb Code  2374  stm32h7xx_hal_rcc_ex.o(i.HAL_RCCEx_PeriphCLKConfig)
    HAL_RCC_ClockConfig                      0x0800232d   Thumb Code   580  stm32h7xx_hal_rcc.o(i.HAL_RCC_ClockConfig)
    HAL_RCC_GetSysClockFreq                  0x08002589   Thumb Code   278  stm32h7xx_hal_rcc.o(i.HAL_RCC_GetSysClockFreq)
    HAL_RCC_OscConfig                        0x080026c1   Thumb Code  1442  stm32h7xx_hal_rcc.o(i.HAL_RCC_OscConfig)
    HAL_SYSTICK_Config                       0x08002c63   Thumb Code    38  stm32h7xx_hal_cortex.o(i.HAL_SYSTICK_Config)
    HardFault_Handler                        0x08002c89   Thumb Code     2  stm32h7xx_it.o(i.HardFault_Handler)
    MX_GPIO_Init                             0x08002c8d   Thumb Code    54  gpio.o(i.MX_GPIO_Init)
    MX_USB_OTG_HS_HCD_Init                   0x08002cc9   Thumb Code    46  usb_otg.o(i.MX_USB_OTG_HS_HCD_Init)
    MemManage_Handler                        0x08002d01   Thumb Code     2  stm32h7xx_it.o(i.MemManage_Handler)
    NMI_Handler                              0x08002d03   Thumb Code     2  stm32h7xx_it.o(i.NMI_Handler)
    PendSV_Handler                           0x08002d05   Thumb Code     2  stm32h7xx_it.o(i.PendSV_Handler)
    SVC_Handler                              0x08002f49   Thumb Code     2  stm32h7xx_it.o(i.SVC_Handler)
    SysTick_Handler                          0x08002f4b   Thumb Code     4  stm32h7xx_it.o(i.SysTick_Handler)
    SystemClock_Config                       0x08002f51   Thumb Code   126  main.o(i.SystemClock_Config)
    SystemInit                               0x08002fd9   Thumb Code   158  system_stm32h7xx.o(i.SystemInit)
    USB_CoreInit                             0x08003099   Thumb Code   128  stm32h7xx_ll_usb.o(i.USB_CoreInit)
    USB_DisableGlobalInt                     0x08003161   Thumb Code    12  stm32h7xx_ll_usb.o(i.USB_DisableGlobalInt)
    USB_FlushRxFifo                          0x0800316d   Thumb Code    54  stm32h7xx_ll_usb.o(i.USB_FlushRxFifo)
    USB_FlushTxFifo                          0x080031a9   Thumb Code    58  stm32h7xx_ll_usb.o(i.USB_FlushTxFifo)
    USB_HostInit                             0x080031e9   Thumb Code   180  stm32h7xx_ll_usb.o(i.USB_HostInit)
    USB_SetCurrentMode                       0x080032b1   Thumb Code    94  stm32h7xx_ll_usb.o(i.USB_SetCurrentMode)
    UsageFault_Handler                       0x0800330f   Thumb Code     2  stm32h7xx_it.o(i.UsageFault_Handler)
    _sys_close                               0x08003333   Thumb Code    24  retarget_io.o(i._sys_close)
    _sys_flen                                0x0800334b   Thumb Code    12  retarget_io.o(i._sys_flen)
    _sys_istty                               0x08003357   Thumb Code    24  retarget_io.o(i._sys_istty)
    _sys_open                                0x08003371   Thumb Code    68  retarget_io.o(i._sys_open)
    _sys_seek                                0x080033cd   Thumb Code    10  retarget_io.o(i._sys_seek)
    _sys_write                               0x080033d9   Thumb Code    92  retarget_io.o(i._sys_write)
    fputc                                    0x0800343d   Thumb Code    26  fputc.o(i.fputc)
    main                                     0x08003459   Thumb Code   122  main.o(i.main)
    _fp_init                                 0x080034e1   Thumb Code    10  fpinit.o(x$fpl$fpinit)
    __fplib_config_fpu_vfp                   0x080034e9   Thumb Code     0  fpinit.o(x$fpl$fpinit)
    __fplib_config_pureend_doubles           0x080034e9   Thumb Code     0  fpinit.o(x$fpl$fpinit)
    D1CorePrescTable                         0x080034ea   Data          16  system_stm32h7xx.o(.constdata)
    EventRecorderInfo                        0x080034fc   Data          24  eventrecorder.o(.constdata)
    __stdin_name                             0x08003514   Data           7  retarget_io.o(.constdata)
    __stdout_name                            0x0800351b   Data           8  retarget_io.o(.constdata)
    __stderr_name                            0x08003523   Data           8  retarget_io.o(.constdata)
    Region$$Table$$Base                      0x0800352c   Number         0  anon$$obj.o(Region$$Table)
    Region$$Table$$Limit                     0x0800354c   Number         0  anon$$obj.o(Region$$Table)
    uwTickFreq                               0x24000000   Data           1  stm32h7xx_hal.o(.data)
    uwTickPrio                               0x24000004   Data           4  stm32h7xx_hal.o(.data)
    uwTick                                   0x24000008   Data           4  stm32h7xx_hal.o(.data)
    SystemCoreClock                          0x2400000c   Data           4  system_stm32h7xx.o(.data)
    SystemD2Clock                            0x24000010   Data           4  system_stm32h7xx.o(.data)
    __aeabi_stdin                            0x24000020   Data           4  stdio_streams.o(.data)
    __aeabi_stdout                           0x24000024   Data           4  stdio_streams.o(.data)
    __aeabi_stderr                           0x24000028   Data           4  stdio_streams.o(.data)
    hhcd_USB_OTG_HS                          0x2400002c   Data         772  usb_otg.o(.bss)
    __stdin                                  0x24000330   Data          84  stdio_streams.o(.bss)
    __stdout                                 0x24000384   Data          84  stdio_streams.o(.bss)
    __stderr                                 0x240003d8   Data          84  stdio_streams.o(.bss)
    __libspace_start                         0x2400042c   Data          96  libspace.o(.bss)
    __temporary_stack_top$libspace           0x2400048c   Data           0  libspace.o(.bss)



==============================================================================

Memory Map of the image

  Image Entry point : 0x080002ad

  Load Region LR_IROM1 (Base: 0x08000000, Size: 0x00003578, Max: 0x00200000, ABSOLUTE)

    Execution Region ER_IROM1 (Exec base: 0x08000000, Load base: 0x08000000, Size: 0x0000354c, Max: 0x00200000, ABSOLUTE)

    Exec Addr    Load Addr    Size         Type   Attr      Idx    E Section Name        Object

    0x08000000   0x08000000   0x000002ac   Data   RO            3    RESET               startup_stm32h7a3xxq.o
    0x080002ac   0x080002ac   0x00000008   Code   RO         3530  * !!!main             c_w.l(__main.o)
    0x080002b4   0x080002b4   0x00000034   Code   RO         3865    !!!scatter          c_w.l(__scatter.o)
    0x080002e8   0x080002e8   0x0000001a   Code   RO         3867    !!handler_copy      c_w.l(__scatter_copy.o)
    0x08000302   0x08000302   0x00000002   PAD
    0x08000304   0x08000304   0x0000001c   Code   RO         3869    !!handler_zi        c_w.l(__scatter_zi.o)
    0x08000320   0x08000320   0x00000002   Code   RO         3658    .ARM.Collect$$libinit$$00000000  c_w.l(libinit.o)
    0x08000322   0x08000322   0x00000004   Code   RO         3659    .ARM.Collect$$libinit$$00000001  c_w.l(libinit2.o)
    0x08000326   0x08000326   0x00000000   Code   RO         3662    .ARM.Collect$$libinit$$00000004  c_w.l(libinit2.o)
    0x08000326   0x08000326   0x00000008   Code   RO         3663    .ARM.Collect$$libinit$$00000005  c_w.l(libinit2.o)
    0x0800032e   0x0800032e   0x00000000   Code   RO         3665    .ARM.Collect$$libinit$$0000000A  c_w.l(libinit2.o)
    0x0800032e   0x0800032e   0x00000000   Code   RO         3667    .ARM.Collect$$libinit$$0000000C  c_w.l(libinit2.o)
    0x0800032e   0x0800032e   0x00000000   Code   RO         3669    .ARM.Collect$$libinit$$0000000E  c_w.l(libinit2.o)
    0x0800032e   0x0800032e   0x00000000   Code   RO         3672    .ARM.Collect$$libinit$$00000011  c_w.l(libinit2.o)
    0x0800032e   0x0800032e   0x00000000   Code   RO         3674    .ARM.Collect$$libinit$$00000013  c_w.l(libinit2.o)
    0x0800032e   0x0800032e   0x00000000   Code   RO         3676    .ARM.Collect$$libinit$$00000015  c_w.l(libinit2.o)
    0x0800032e   0x0800032e   0x00000000   Code   RO         3678    .ARM.Collect$$libinit$$00000017  c_w.l(libinit2.o)
    0x0800032e   0x0800032e   0x00000000   Code   RO         3680    .ARM.Collect$$libinit$$00000019  c_w.l(libinit2.o)
    0x0800032e   0x0800032e   0x00000000   Code   RO         3682    .ARM.Collect$$libinit$$0000001B  c_w.l(libinit2.o)
    0x0800032e   0x0800032e   0x00000000   Code   RO         3684    .ARM.Collect$$libinit$$0000001D  c_w.l(libinit2.o)
    0x0800032e   0x0800032e   0x00000000   Code   RO         3686    .ARM.Collect$$libinit$$0000001F  c_w.l(libinit2.o)
    0x0800032e   0x0800032e   0x00000000   Code   RO         3688    .ARM.Collect$$libinit$$00000021  c_w.l(libinit2.o)
    0x0800032e   0x0800032e   0x00000000   Code   RO         3690    .ARM.Collect$$libinit$$00000023  c_w.l(libinit2.o)
    0x0800032e   0x0800032e   0x00000004   Code   RO         3691    .ARM.Collect$$libinit$$00000024  c_w.l(libinit2.o)
    0x08000332   0x08000332   0x00000000   Code   RO         3692    .ARM.Collect$$libinit$$00000025  c_w.l(libinit2.o)
    0x08000332   0x08000332   0x00000000   Code   RO         3696    .ARM.Collect$$libinit$$0000002C  c_w.l(libinit2.o)
    0x08000332   0x08000332   0x00000000   Code   RO         3698    .ARM.Collect$$libinit$$0000002E  c_w.l(libinit2.o)
    0x08000332   0x08000332   0x00000000   Code   RO         3700    .ARM.Collect$$libinit$$00000030  c_w.l(libinit2.o)
    0x08000332   0x08000332   0x00000000   Code   RO         3702    .ARM.Collect$$libinit$$00000032  c_w.l(libinit2.o)
    0x08000332   0x08000332   0x00000002   Code   RO         3703    .ARM.Collect$$libinit$$00000033  c_w.l(libinit2.o)
    0x08000334   0x08000334   0x00000002   Code   RO         3844    .ARM.Collect$$libshutdown$$00000000  c_w.l(libshutdown.o)
    0x08000336   0x08000336   0x00000000   Code   RO         3705    .ARM.Collect$$libshutdown$$00000002  c_w.l(libshutdown2.o)
    0x08000336   0x08000336   0x00000004   Code   RO         3706    .ARM.Collect$$libshutdown$$00000003  c_w.l(libshutdown2.o)
    0x0800033a   0x0800033a   0x00000000   Code   RO         3707    .ARM.Collect$$libshutdown$$00000004  c_w.l(libshutdown2.o)
    0x0800033a   0x0800033a   0x00000000   Code   RO         3710    .ARM.Collect$$libshutdown$$00000007  c_w.l(libshutdown2.o)
    0x0800033a   0x0800033a   0x00000000   Code   RO         3713    .ARM.Collect$$libshutdown$$0000000A  c_w.l(libshutdown2.o)
    0x0800033a   0x0800033a   0x00000000   Code   RO         3715    .ARM.Collect$$libshutdown$$0000000C  c_w.l(libshutdown2.o)
    0x0800033a   0x0800033a   0x00000000   Code   RO         3718    .ARM.Collect$$libshutdown$$0000000F  c_w.l(libshutdown2.o)
    0x0800033a   0x0800033a   0x00000002   Code   RO         3719    .ARM.Collect$$libshutdown$$00000010  c_w.l(libshutdown2.o)
    0x0800033c   0x0800033c   0x00000000   Code   RO         3532    .ARM.Collect$$rtentry$$00000000  c_w.l(__rtentry.o)
    0x0800033c   0x0800033c   0x00000000   Code   RO         3542    .ARM.Collect$$rtentry$$00000002  c_w.l(__rtentry2.o)
    0x0800033c   0x0800033c   0x00000006   Code   RO         3554    .ARM.Collect$$rtentry$$00000004  c_w.l(__rtentry4.o)
    0x08000342   0x08000342   0x00000000   Code   RO         3544    .ARM.Collect$$rtentry$$00000009  c_w.l(__rtentry2.o)
    0x08000342   0x08000342   0x00000004   Code   RO         3545    .ARM.Collect$$rtentry$$0000000A  c_w.l(__rtentry2.o)
    0x08000346   0x08000346   0x00000000   Code   RO         3547    .ARM.Collect$$rtentry$$0000000C  c_w.l(__rtentry2.o)
    0x08000346   0x08000346   0x00000008   Code   RO         3548    .ARM.Collect$$rtentry$$0000000D  c_w.l(__rtentry2.o)
    0x0800034e   0x0800034e   0x00000002   Code   RO         3725    .ARM.Collect$$rtexit$$00000000  c_w.l(rtexit.o)
    0x08000350   0x08000350   0x00000000   Code   RO         3779    .ARM.Collect$$rtexit$$00000002  c_w.l(rtexit2.o)
    0x08000350   0x08000350   0x00000004   Code   RO         3780    .ARM.Collect$$rtexit$$00000003  c_w.l(rtexit2.o)
    0x08000354   0x08000354   0x00000006   Code   RO         3781    .ARM.Collect$$rtexit$$00000004  c_w.l(rtexit2.o)
    0x0800035a   0x0800035a   0x00000002   PAD
    0x0800035c   0x0800035c   0x00000074   Code   RO         3325    .emb_text           eventrecorder.o
    0x080003d0   0x080003d0   0x00000000   Code   RO         3785    .emb_text           c_w.l(maybetermalloc1.o)
    0x080003d0   0x080003d0   0x00000040   Code   RO            4    .text               startup_stm32h7a3xxq.o
    0x08000410   0x08000410   0x00000018   Code   RO         3518    .text               c_w.l(noretval__2printf.o)
    0x08000428   0x08000428   0x0000008a   Code   RO         3520    .text               c_w.l(rt_memcpy_v6.o)
    0x080004b2   0x080004b2   0x00000064   Code   RO         3522    .text               c_w.l(rt_memcpy_w.o)
    0x08000516   0x08000516   0x0000004e   Code   RO         3524    .text               c_w.l(rt_memclr_w.o)
    0x08000564   0x08000564   0x00000068   Code   RO         3526    .text               c_w.l(strcmpv7m_pel.o)
    0x080005cc   0x080005cc   0x00000006   Code   RO         3528    .text               c_w.l(heapauxi.o)
    0x080005d2   0x080005d2   0x00000002   PAD
    0x080005d4   0x080005d4   0x00000024   Code   RO         3533    .text               c_w.l(_printf_char_file.o)
    0x080005f8   0x080005f8   0x00000030   Code   RO         3556    .text               c_w.l(_printf_char_common.o)
    0x08000628   0x08000628   0x00000008   Code   RO         3558    .text               c_w.l(ferror.o)
    0x08000630   0x08000630   0x00000138   Code   RO         3564    .text               c_w.l(initio.o)
    0x08000768   0x08000768   0x0000004a   Code   RO         3574    .text               c_w.l(sys_stackheap_outer.o)
    0x080007b2   0x080007b2   0x0000004e   Code   RO         3578    .text               c_w.l(h1_free.o)
    0x08000800   0x08000800   0x00000028   Code   RO         3632    .text               c_w.l(__printf_nopercent.o)
    0x08000828   0x08000828   0x000001d6   Code   RO         3634    .text               c_w.l(flsbuf.o)
    0x080009fe   0x080009fe   0x00000046   Code   RO         3636    .text               c_w.l(setvbuf.o)
    0x08000a44   0x08000a44   0x000000ec   Code   RO         3639    .text               c_w.l(fopen.o)
    0x08000b30   0x08000b30   0x0000004c   Code   RO         3641    .text               c_w.l(fclose.o)
    0x08000b7c   0x08000b7c   0x00000012   Code   RO         3647    .text               c_w.l(exit.o)
    0x08000b8e   0x08000b8e   0x0000000e   Code   RO         3649    .text               c_w.l(defsig_rtred_outer.o)
    0x08000b9c   0x08000b9c   0x00000008   Code   RO         3722    .text               c_w.l(libspace.o)
    0x08000ba4   0x08000ba4   0x00000008   Code   RO         3732    .text               c_w.l(rt_heap_descriptor_intlibspace.o)
    0x08000bac   0x08000bac   0x00000004   Code   RO         3734    .text               c_w.l(hguard.o)
    0x08000bb0   0x08000bb0   0x0000008a   Code   RO         3736    .text               c_w.l(init_alloc.o)
    0x08000c3a   0x08000c3a   0x0000005e   Code   RO         3742    .text               c_w.l(h1_alloc.o)
    0x08000c98   0x08000c98   0x000000f8   Code   RO         3758    .text               c_w.l(fseek.o)
    0x08000d90   0x08000d90   0x000000f0   Code   RO         3760    .text               c_w.l(stdio.o)
    0x08000e80   0x08000e80   0x0000000a   Code   RO         3766    .text               c_w.l(defsig_exit.o)
    0x08000e8a   0x08000e8a   0x00000002   PAD
    0x08000e8c   0x08000e8c   0x00000034   Code   RO         3768    .text               c_w.l(defsig_rtred_inner.o)
    0x08000ec0   0x08000ec0   0x0000000c   Code   RO         3776    .text               c_w.l(sys_exit.o)
    0x08000ecc   0x08000ecc   0x0000000e   Code   RO         3787    .text               c_w.l(h1_init.o)
    0x08000eda   0x08000eda   0x00000034   Code   RO         3789    .text               c_w.l(h1_extend.o)
    0x08000f0e   0x08000f0e   0x00000042   Code   RO         3799    .text               c_w.l(ftell.o)
    0x08000f50   0x08000f50   0x00000032   Code   RO         3807    .text               c_w.l(defsig_general.o)
    0x08000f82   0x08000f82   0x0000000e   Code   RO         3809    .text               c_w.l(defsig_rtmem_outer.o)
    0x08000f90   0x08000f90   0x0000000e   Code   RO         3822    .text               c_w.l(sys_wrch.o)
    0x08000f9e   0x08000f9e   0x00000002   Code   RO         3826    .text               c_w.l(use_no_semi.o)
    0x08000fa0   0x08000fa0   0x00000000   Code   RO         3828    .text               c_w.l(indicate_semi.o)
    0x08000fa0   0x08000fa0   0x00000008   Code   RO         3832    .text               c_w.l(rt_errno_addr_intlibspace.o)
    0x08000fa8   0x08000fa8   0x00000050   Code   RO         3838    .text               c_w.l(defsig_rtmem_inner.o)
    0x08000ff8   0x08000ff8   0x00000002   Code   RO          236    i.BusFault_Handler  stm32h7xx_it.o
    0x08000ffa   0x08000ffa   0x00000002   Code   RO          237    i.DebugMon_Handler  stm32h7xx_it.o
    0x08000ffc   0x08000ffc   0x00000004   Code   RO           13    i.Error_Handler     main.o
    0x08001000   0x08001000   0x00000024   Code   RO         3326    i.EventCheckFilter  eventrecorder.o
    0x08001024   0x08001024   0x00000034   Code   RO         3327    i.EventGetTS        eventrecorder.o
    0x08001058   0x08001058   0x000000fc   Code   RO         3330    i.EventRecordData   eventrecorder.o
    0x08001154   0x08001154   0x000000a8   Code   RO         3331    i.EventRecordItem   eventrecorder.o
    0x080011fc   0x080011fc   0x0000005c   Code   RO         3334    i.EventRecorderEnable  eventrecorder.o
    0x08001258   0x08001258   0x0000010c   Code   RO         3335    i.EventRecorderInitialize  eventrecorder.o
    0x08001364   0x08001364   0x0000002c   Code   RO         3336    i.EventRecorderStart  eventrecorder.o
    0x08001390   0x08001390   0x0000000c   Code   RO         3338    i.EventRecorderTimerGetCount  eventrecorder.o
    0x0800139c   0x0800139c   0x0000000c   Code   RO         3339    i.EventRecorderTimerGetFreq  eventrecorder.o
    0x080013a8   0x080013a8   0x00000020   Code   RO         3340    i.EventRecorderTimerSetup  eventrecorder.o
    0x080013c8   0x080013c8   0x00000024   Code   RO         2379    i.HAL_Delay         stm32h7xx_hal.o
    0x080013ec   0x080013ec   0x0000022c   Code   RO         1482    i.HAL_GPIO_Init     stm32h7xx_hal_gpio.o
    0x08001618   0x08001618   0x0000000c   Code   RO         2395    i.HAL_GetTick       stm32h7xx_hal.o
    0x08001624   0x08001624   0x00000072   Code   RO          526    i.HAL_HCD_Init      stm32h7xx_hal_hcd.o
    0x08001696   0x08001696   0x00000002   PAD
    0x08001698   0x08001698   0x000000ec   Code   RO          195    i.HAL_HCD_MspInit   usb_otg.o
    0x08001784   0x08001784   0x00000010   Code   RO         2401    i.HAL_IncTick       stm32h7xx_hal.o
    0x08001794   0x08001794   0x0000005c   Code   RO         2402    i.HAL_Init          stm32h7xx_hal.o
    0x080017f0   0x080017f0   0x00000040   Code   RO         2403    i.HAL_InitTick      stm32h7xx_hal.o
    0x08001830   0x08001830   0x0000005c   Code   RO          336    i.HAL_MPU_ConfigRegion  stm32h7xx_hal_cortex.o
    0x0800188c   0x0800188c   0x0000001c   Code   RO          337    i.HAL_MPU_Disable   stm32h7xx_hal_cortex.o
    0x080018a8   0x080018a8   0x00000024   Code   RO          338    i.HAL_MPU_Enable    stm32h7xx_hal_cortex.o
    0x080018cc   0x080018cc   0x0000001c   Code   RO          311    i.HAL_MspInit       stm32h7xx_hal_msp.o
    0x080018e8   0x080018e8   0x00000040   Code   RO          347    i.HAL_NVIC_SetPriority  stm32h7xx_hal_cortex.o
    0x08001928   0x08001928   0x00000024   Code   RO          348    i.HAL_NVIC_SetPriorityGrouping  stm32h7xx_hal_cortex.o
    0x0800194c   0x0800194c   0x00000084   Code   RO         2083    i.HAL_PWREx_ConfigSupply  stm32h7xx_hal_pwr_ex.o
    0x080019d0   0x080019d0   0x00000010   Code   RO         2104    i.HAL_PWREx_EnableUSBVoltageDetector  stm32h7xx_hal_pwr_ex.o
    0x080019e0   0x080019e0   0x0000094c   Code   RO         1118    i.HAL_RCCEx_PeriphCLKConfig  stm32h7xx_hal_rcc_ex.o
    0x0800232c   0x0800232c   0x0000025c   Code   RO          994    i.HAL_RCC_ClockConfig  stm32h7xx_hal_rcc.o
    0x08002588   0x08002588   0x00000138   Code   RO         1003    i.HAL_RCC_GetSysClockFreq  stm32h7xx_hal_rcc.o
    0x080026c0   0x080026c0   0x000005a2   Code   RO         1006    i.HAL_RCC_OscConfig  stm32h7xx_hal_rcc.o
    0x08002c62   0x08002c62   0x00000026   Code   RO          352    i.HAL_SYSTICK_Config  stm32h7xx_hal_cortex.o
    0x08002c88   0x08002c88   0x00000002   Code   RO          238    i.HardFault_Handler  stm32h7xx_it.o
    0x08002c8a   0x08002c8a   0x00000002   PAD
    0x08002c8c   0x08002c8c   0x0000003c   Code   RO          170    i.MX_GPIO_Init      gpio.o
    0x08002cc8   0x08002cc8   0x00000038   Code   RO          196    i.MX_USB_OTG_HS_HCD_Init  usb_otg.o
    0x08002d00   0x08002d00   0x00000002   Code   RO          239    i.MemManage_Handler  stm32h7xx_it.o
    0x08002d02   0x08002d02   0x00000002   Code   RO          240    i.NMI_Handler       stm32h7xx_it.o
    0x08002d04   0x08002d04   0x00000002   Code   RO          241    i.PendSV_Handler    stm32h7xx_it.o
    0x08002d06   0x08002d06   0x00000002   PAD
    0x08002d08   0x08002d08   0x00000120   Code   RO         1120    i.RCCEx_PLL2_Config  stm32h7xx_hal_rcc_ex.o
    0x08002e28   0x08002e28   0x00000120   Code   RO         1121    i.RCCEx_PLL3_Config  stm32h7xx_hal_rcc_ex.o
    0x08002f48   0x08002f48   0x00000002   Code   RO          242    i.SVC_Handler       stm32h7xx_it.o
    0x08002f4a   0x08002f4a   0x00000004   Code   RO          243    i.SysTick_Handler   stm32h7xx_it.o
    0x08002f4e   0x08002f4e   0x00000002   PAD
    0x08002f50   0x08002f50   0x00000088   Code   RO           14    i.SystemClock_Config  main.o
    0x08002fd8   0x08002fd8   0x000000c0   Code   RO         3289    i.SystemInit        system_stm32h7xx.o
    0x08003098   0x08003098   0x00000088   Code   RO          693    i.USB_CoreInit      stm32h7xx_ll_usb.o
    0x08003120   0x08003120   0x00000040   Code   RO          694    i.USB_CoreReset     stm32h7xx_ll_usb.o
    0x08003160   0x08003160   0x0000000c   Code   RO          701    i.USB_DisableGlobalInt  stm32h7xx_ll_usb.o
    0x0800316c   0x0800316c   0x0000003c   Code   RO          710    i.USB_FlushRxFifo   stm32h7xx_ll_usb.o
    0x080031a8   0x080031a8   0x00000040   Code   RO          711    i.USB_FlushTxFifo   stm32h7xx_ll_usb.o
    0x080031e8   0x080031e8   0x000000c8   Code   RO          720    i.USB_HostInit      stm32h7xx_ll_usb.o
    0x080032b0   0x080032b0   0x0000005e   Code   RO          730    i.USB_SetCurrentMode  stm32h7xx_ll_usb.o
    0x0800330e   0x0800330e   0x00000002   Code   RO          244    i.UsageFault_Handler  stm32h7xx_it.o
    0x08003310   0x08003310   0x00000022   Code   RO          354    i.__NVIC_SetPriority  stm32h7xx_hal_cortex.o
    0x08003332   0x08003332   0x00000018   Code   RO         3444    i._sys_close        retarget_io.o
    0x0800334a   0x0800334a   0x0000000c   Code   RO         3445    i._sys_flen         retarget_io.o
    0x08003356   0x08003356   0x00000018   Code   RO         3446    i._sys_istty        retarget_io.o
    0x0800336e   0x0800336e   0x00000002   PAD
    0x08003370   0x08003370   0x0000005c   Code   RO         3447    i._sys_open         retarget_io.o
    0x080033cc   0x080033cc   0x0000000a   Code   RO         3449    i._sys_seek         retarget_io.o
    0x080033d6   0x080033d6   0x00000002   PAD
    0x080033d8   0x080033d8   0x00000064   Code   RO         3450    i._sys_write        retarget_io.o
    0x0800343c   0x0800343c   0x0000001a   Code   RO         3561    i.fputc             c_w.l(fputc.o)
    0x08003456   0x08003456   0x00000002   PAD
    0x08003458   0x08003458   0x00000088   Code   RO           15    i.main              main.o
    0x080034e0   0x080034e0   0x0000000a   Code   RO         3774    x$fpl$fpinit        fz_wv.l(fpinit.o)
    0x080034ea   0x080034ea   0x00000010   Data   RO         3290    .constdata          system_stm32h7xx.o
    0x080034fa   0x080034fa   0x00000002   PAD
    0x080034fc   0x080034fc   0x00000018   Data   RO         3342    .constdata          eventrecorder.o
    0x08003514   0x08003514   0x00000007   Data   RO         3451    .constdata          retarget_io.o
    0x0800351b   0x0800351b   0x00000008   Data   RO         3452    .constdata          retarget_io.o
    0x08003523   0x08003523   0x00000008   Data   RO         3453    .constdata          retarget_io.o
    0x0800352b   0x0800352b   0x00000001   PAD
    0x0800352c   0x0800352c   0x00000020   Data   RO         3863    Region$$Table       anon$$obj.o


    Execution Region RW_IRAM1 (Exec base: 0x20000000, Load base: 0x0800354c, Size: 0x00000000, Max: 0x00020000, ABSOLUTE)

    **** No section assigned to this execution region ****


    Execution Region RW_IRAM2 (Exec base: 0x24000000, Load base: 0x0800354c, Size: 0x00000f68, Max: 0x00100000, ABSOLUTE)

    Exec Addr    Load Addr    Size         Type   Attr      Idx    E Section Name        Object

    0x24000000   0x0800354c   0x0000000c   Data   RW         2421    .data               stm32h7xx_hal.o
    0x2400000c   0x08003558   0x00000008   Data   RW         3291    .data               system_stm32h7xx.o
    0x24000014   0x08003560   0x0000000c   Data   RW         3454    .data               retarget_io.o
    0x24000020   0x0800356c   0x00000004   Data   RW         3538    .data               c_w.l(stdio_streams.o)
    0x24000024   0x08003570   0x00000004   Data   RW         3539    .data               c_w.l(stdio_streams.o)
    0x24000028   0x08003574   0x00000004   Data   RW         3540    .data               c_w.l(stdio_streams.o)
    0x2400002c        -       0x00000304   Zero   RW          197    .bss                usb_otg.o
    0x24000330        -       0x00000054   Zero   RW         3535    .bss                c_w.l(stdio_streams.o)
    0x24000384        -       0x00000054   Zero   RW         3536    .bss                c_w.l(stdio_streams.o)
    0x240003d8        -       0x00000054   Zero   RW         3537    .bss                c_w.l(stdio_streams.o)
    0x2400042c        -       0x00000060   Zero   RW         3723    .bss                c_w.l(libspace.o)
    0x2400048c   0x08003578   0x00000034   PAD
    0x240004c0        -       0x000004a4   Zero   RW         3341    .bss.noinit         eventrecorder.o
    0x24000964   0x08003578   0x00000004   PAD
    0x24000968        -       0x00000200   Zero   RW            2    HEAP                startup_stm32h7a3xxq.o
    0x24000b68        -       0x00000400   Zero   RW            1    STACK               startup_stm32h7a3xxq.o


==============================================================================

Image component sizes


      Code (inc. data)   RO Data    RW Data    ZI Data      Debug   Object Name

      1084         76         24          0       1188      19062   eventrecorder.o
        60          6          0          0          0        991   gpio.o
       276         24          0          0          0    1019687   main.o
       262         32         23         12          0       5946   retarget_io.o
        64         26        684          0       1536        868   startup_stm32h7a3xxq.o
       220         40          0         12          0      23709   stm32h7xx_hal.o
       328         28          0          0          0      41408   stm32h7xx_hal_cortex.o
       556         50          0          0          0       1700   stm32h7xx_hal_gpio.o
       114          0          0          0          0       1603   stm32h7xx_hal_hcd.o
        28          6          0          0          0        978   stm32h7xx_hal_msp.o
       148          8          0          0          0       1458   stm32h7xx_hal_pwr_ex.o
      2358         68          0          0          0       5428   stm32h7xx_hal_rcc.o
      2956         60          0          0          0       5347   stm32h7xx_hal_rcc_ex.o
        20          0          0          0          0       4370   stm32h7xx_it.o
       630         46          0          0          0       6830   stm32h7xx_ll_usb.o
       192         34         16          8          0       1566   system_stm32h7xx.o
       292         32          0          0        772       2133   usb_otg.o

    ----------------------------------------------------------------------
      9600        536        782         32       3500    1143084   Object Totals
         0          0         32          0          0          0   (incl. Generated)
        12          0          3          0          4          0   (incl. Padding)

    ----------------------------------------------------------------------

      Code (inc. data)   RO Data    RW Data    ZI Data      Debug   Library Member Name

         8          0          0          0          0         68   __main.o
        40          0          0          0          0         84   __printf_nopercent.o
         0          0          0          0          0          0   __rtentry.o
        12          0          0          0          0          0   __rtentry2.o
         6          0          0          0          0          0   __rtentry4.o
        52          8          0          0          0          0   __scatter.o
        26          0          0          0          0          0   __scatter_copy.o
        28          0          0          0          0          0   __scatter_zi.o
        48          6          0          0          0         96   _printf_char_common.o
        36          4          0          0          0         80   _printf_char_file.o
        10          0          0          0          0         68   defsig_exit.o
        50          0          0          0          0         88   defsig_general.o
        80         58          0          0          0         76   defsig_rtmem_inner.o
        14          0          0          0          0         80   defsig_rtmem_outer.o
        52         38          0          0          0         76   defsig_rtred_inner.o
        14          0          0          0          0         80   defsig_rtred_outer.o
        18          0          0          0          0         80   exit.o
        76          0          0          0          0         88   fclose.o
         8          0          0          0          0         68   ferror.o
       470          0          0          0          0         88   flsbuf.o
       236          4          0          0          0        128   fopen.o
        26          0          0          0          0         68   fputc.o
       248          6          0          0          0         84   fseek.o
        66          0          0          0          0         76   ftell.o
        94          0          0          0          0         80   h1_alloc.o
        52          0          0          0          0         68   h1_extend.o
        78          0          0          0          0         80   h1_free.o
        14          0          0          0          0         84   h1_init.o
         6          0          0          0          0        152   heapauxi.o
         4          0          0          0          0        136   hguard.o
         0          0          0          0          0          0   indicate_semi.o
       138          0          0          0          0        168   init_alloc.o
       312         46          0          0          0        112   initio.o
         2          0          0          0          0          0   libinit.o
        18          0          0          0          0          0   libinit2.o
         2          0          0          0          0          0   libshutdown.o
         6          0          0          0          0          0   libshutdown2.o
         8          4          0          0         96         68   libspace.o
         0          0          0          0          0          0   maybetermalloc1.o
        24          4          0          0          0         84   noretval__2printf.o
         8          4          0          0          0         68   rt_errno_addr_intlibspace.o
         8          4          0          0          0         68   rt_heap_descriptor_intlibspace.o
        78          0          0          0          0         80   rt_memclr_w.o
       138          0          0          0          0         68   rt_memcpy_v6.o
       100          0          0          0          0         80   rt_memcpy_w.o
         2          0          0          0          0          0   rtexit.o
        10          0          0          0          0          0   rtexit2.o
        70          0          0          0          0         80   setvbuf.o
       240          6          0          0          0        156   stdio.o
         0          0          0         12        252          0   stdio_streams.o
       104          0          0          0          0         68   strcmpv7m_pel.o
        12          4          0          0          0         68   sys_exit.o
        74          0          0          0          0         80   sys_stackheap_outer.o
        14          0          0          0          0         76   sys_wrch.o
         2          0          0          0          0         68   use_no_semi.o
        10          0          0          0          0        116   fpinit.o

    ----------------------------------------------------------------------
      3262        196          0         12        400       3584   Library Totals
        10          0          0          0         52          0   (incl. Padding)

    ----------------------------------------------------------------------

      Code (inc. data)   RO Data    RW Data    ZI Data      Debug   Library Name

      3242        196          0         12        348       3468   c_w.l
        10          0          0          0          0        116   fz_wv.l

    ----------------------------------------------------------------------
      3262        196          0         12        400       3584   Library Totals

    ----------------------------------------------------------------------

==============================================================================


      Code (inc. data)   RO Data    RW Data    ZI Data      Debug   

     12862        732        782         44       3900    1139244   Grand Totals
     12862        732        782         44       3900    1139244   ELF Image Totals
     12862        732        782         44          0          0   ROM Totals

==============================================================================

    Total RO  Size (Code + RO Data)                13644 (  13.32kB)
    Total RW  Size (RW Data + ZI Data)              3944 (   3.85kB)
    Total ROM Size (Code + RO Data + RW Data)      13688 (  13.37kB)

==============================================================================

